Archive member included to satisfy reference by file (symbol)

/Applications/STM32CubeIDE.app/Contents/Eclipse/plugins/com.st.stm32cube.ide.mcu.externaltools.gnu-tools-for-stm32.7-2018-q2-update.macos64_1.5.0.202011040924/tools/bin/../lib/gcc/arm-none-eabi/7.3.1/../../../../arm-none-eabi/lib/thumb/v7e-m/fpv4-sp/hard/libm.a(lib_a-sf_floor.o)
                              Core/Src/chorusFD.o (floorf)
/Applications/STM32CubeIDE.app/Contents/Eclipse/plugins/com.st.stm32cube.ide.mcu.externaltools.gnu-tools-for-stm32.7-2018-q2-update.macos64_1.5.0.202011040924/tools/bin/../lib/gcc/arm-none-eabi/7.3.1/../../../../arm-none-eabi/lib/thumb/v7e-m/fpv4-sp/hard/libm.a(lib_a-sf_lrint.o)
                              Core/Src/PS_application.o (lrintf)
/Applications/STM32CubeIDE.app/Contents/Eclipse/plugins/com.st.stm32cube.ide.mcu.externaltools.gnu-tools-for-stm32.7-2018-q2-update.macos64_1.5.0.202011040924/tools/bin/../lib/gcc/arm-none-eabi/7.3.1/../../../../arm-none-eabi/lib/thumb/v7e-m/fpv4-sp/hard/libm.a(lib_a-sf_rint.o)
                              Core/Src/sequencer.o (rintf)
/Applications/STM32CubeIDE.app/Contents/Eclipse/plugins/com.st.stm32cube.ide.mcu.externaltools.gnu-tools-for-stm32.7-2018-q2-update.macos64_1.5.0.202011040924/tools/bin/../lib/gcc/arm-none-eabi/7.3.1/../../../../arm-none-eabi/lib/thumb/v7e-m/fpv4-sp/hard/libm.a(lib_a-sf_sin.o)
                              Core/Src/oscillators.o (sinf)
/Applications/STM32CubeIDE.app/Contents/Eclipse/plugins/com.st.stm32cube.ide.mcu.externaltools.gnu-tools-for-stm32.7-2018-q2-update.macos64_1.5.0.202011040924/tools/bin/../lib/gcc/arm-none-eabi/7.3.1/../../../../arm-none-eabi/lib/thumb/v7e-m/fpv4-sp/hard/libm.a(lib_a-wf_pow.o)
                              Core/Src/math_tools.o (powf)
/Applications/STM32CubeIDE.app/Contents/Eclipse/plugins/com.st.stm32cube.ide.mcu.externaltools.gnu-tools-for-stm32.7-2018-q2-update.macos64_1.5.0.202011040924/tools/bin/../lib/gcc/arm-none-eabi/7.3.1/../../../../arm-none-eabi/lib/thumb/v7e-m/fpv4-sp/hard/libm.a(lib_a-ef_pow.o)
                              /Applications/STM32CubeIDE.app/Contents/Eclipse/plugins/com.st.stm32cube.ide.mcu.externaltools.gnu-tools-for-stm32.7-2018-q2-update.macos64_1.5.0.202011040924/tools/bin/../lib/gcc/arm-none-eabi/7.3.1/../../../../arm-none-eabi/lib/thumb/v7e-m/fpv4-sp/hard/libm.a(lib_a-wf_pow.o) (__ieee754_powf)
/Applications/STM32CubeIDE.app/Contents/Eclipse/plugins/com.st.stm32cube.ide.mcu.externaltools.gnu-tools-for-stm32.7-2018-q2-update.macos64_1.5.0.202011040924/tools/bin/../lib/gcc/arm-none-eabi/7.3.1/../../../../arm-none-eabi/lib/thumb/v7e-m/fpv4-sp/hard/libm.a(lib_a-ef_rem_pio2.o)
                              /Applications/STM32CubeIDE.app/Contents/Eclipse/plugins/com.st.stm32cube.ide.mcu.externaltools.gnu-tools-for-stm32.7-2018-q2-update.macos64_1.5.0.202011040924/tools/bin/../lib/gcc/arm-none-eabi/7.3.1/../../../../arm-none-eabi/lib/thumb/v7e-m/fpv4-sp/hard/libm.a(lib_a-sf_sin.o) (__ieee754_rem_pio2f)
/Applications/STM32CubeIDE.app/Contents/Eclipse/plugins/com.st.stm32cube.ide.mcu.externaltools.gnu-tools-for-stm32.7-2018-q2-update.macos64_1.5.0.202011040924/tools/bin/../lib/gcc/arm-none-eabi/7.3.1/../../../../arm-none-eabi/lib/thumb/v7e-m/fpv4-sp/hard/libm.a(lib_a-ef_sqrt.o)
                              /Applications/STM32CubeIDE.app/Contents/Eclipse/plugins/com.st.stm32cube.ide.mcu.externaltools.gnu-tools-for-stm32.7-2018-q2-update.macos64_1.5.0.202011040924/tools/bin/../lib/gcc/arm-none-eabi/7.3.1/../../../../arm-none-eabi/lib/thumb/v7e-m/fpv4-sp/hard/libm.a(lib_a-ef_pow.o) (__ieee754_sqrtf)
/Applications/STM32CubeIDE.app/Contents/Eclipse/plugins/com.st.stm32cube.ide.mcu.externaltools.gnu-tools-for-stm32.7-2018-q2-update.macos64_1.5.0.202011040924/tools/bin/../lib/gcc/arm-none-eabi/7.3.1/../../../../arm-none-eabi/lib/thumb/v7e-m/fpv4-sp/hard/libm.a(lib_a-kf_cos.o)
                              /Applications/STM32CubeIDE.app/Contents/Eclipse/plugins/com.st.stm32cube.ide.mcu.externaltools.gnu-tools-for-stm32.7-2018-q2-update.macos64_1.5.0.202011040924/tools/bin/../lib/gcc/arm-none-eabi/7.3.1/../../../../arm-none-eabi/lib/thumb/v7e-m/fpv4-sp/hard/libm.a(lib_a-sf_sin.o) (__kernel_cosf)
/Applications/STM32CubeIDE.app/Contents/Eclipse/plugins/com.st.stm32cube.ide.mcu.externaltools.gnu-tools-for-stm32.7-2018-q2-update.macos64_1.5.0.202011040924/tools/bin/../lib/gcc/arm-none-eabi/7.3.1/../../../../arm-none-eabi/lib/thumb/v7e-m/fpv4-sp/hard/libm.a(lib_a-kf_rem_pio2.o)
                              /Applications/STM32CubeIDE.app/Contents/Eclipse/plugins/com.st.stm32cube.ide.mcu.externaltools.gnu-tools-for-stm32.7-2018-q2-update.macos64_1.5.0.202011040924/tools/bin/../lib/gcc/arm-none-eabi/7.3.1/../../../../arm-none-eabi/lib/thumb/v7e-m/fpv4-sp/hard/libm.a(lib_a-ef_rem_pio2.o) (__kernel_rem_pio2f)
[...]
Memory Configuration

Name             Origin             Length             Attributes
CCMRAM           0x0000000010000000 0x0000000000010000 xrw
RAM              0x0000000020000000 0x0000000000020000 xrw
FLASH            0x0000000008000000 0x0000000000100000 xr
*default*        0x0000000000000000 0xffffffffffffffff

Linker script and memory map

LOAD /Applications/STM32CubeIDE.app/Contents/Eclipse/plugins/com.st.stm32cube.ide.mcu.externaltools.gnu-tools-for-stm32.7-2018-q2-update.macos64_1.5.0.202011040924/tools/bin/../lib/gcc/arm-none-eabi/7.3.1/thumb/v7e-m/fpv4-sp/hard/crti.o
LOAD /Applications/STM32CubeIDE.app/Contents/Eclipse/plugins/com.st.stm32cube.ide.mcu.externaltools.gnu-tools-for-stm32.7-2018-q2-update.macos64_1.5.0.202011040924/tools/bin/../lib/gcc/arm-none-eabi/7.3.1/thumb/v7e-m/fpv4-sp/hard/crtbegin.o
LOAD /Applications/STM32CubeIDE.app/Contents/Eclipse/plugins/com.st.stm32cube.ide.mcu.externaltools.gnu-tools-for-stm32.7-2018-q2-update.macos64_1.5.0.202011040924/tools/bin/../lib/gcc/arm-none-eabi/7.3.1/../../../../arm-none-eabi/lib/thumb/v7e-m/fpv4-sp/hard/crt0.o
LOAD App/src/LCD.o
LOAD App/src/maincpp.o
LOAD App/src/menu.o
LOAD Core/Src/PS_application.o
LOAD Core/Src/adsr.o
LOAD Core/Src/audio_conf.o
LOAD Core/Src/blepvco.o
LOAD Core/Src/chorusFD.o
LOAD Core/Src/delay.o
LOAD Core/Src/drifter.o
LOAD Core/Src/main.o
LOAD Core/Src/math_tools.o
LOAD Core/Src/minblep_tables.o
LOAD Core/Src/notesTables.o
LOAD Core/Src/oscillators.o
LOAD Core/Src/phaser.o
LOAD Core/Src/random.o
LOAD Core/Src/resonantFilter.o
LOAD Core/Src/sequencer.o
LOAD Core/Src/sinetable.o
LOAD Core/Src/soundGen.o
LOAD Core/Src/stm32f4xx_hal_msp.o
LOAD Core/Src/stm32f4xx_it.o
LOAD Core/Src/syscalls.o
LOAD Core/Src/sysmem.o
LOAD Core/Src/system_stm32f4xx.o
LOAD Core/Src/timers.o
LOAD Core/Src/wm8978.o
LOAD Core/Startup/startup_stm32f405rgtx.o
LOAD Drivers/STM32F4xx_HAL_Driver/Src/stm32f4xx_hal.o
LOAD Drivers/STM32F4xx_HAL_Driver/Src/stm32f4xx_hal_cortex.o
LOAD Drivers/STM32F4xx_HAL_Driver/Src/stm32f4xx_hal_dma.o
LOAD Drivers/STM32F4xx_HAL_Driver/Src/stm32f4xx_hal_dma_ex.o
LOAD Drivers/STM32F4xx_HAL_Driver/Src/stm32f4xx_hal_exti.o
LOAD Drivers/STM32F4xx_HAL_Driver/Src/stm32f4xx_hal_flash.o
LOAD Drivers/STM32F4xx_HAL_Driver/Src/stm32f4xx_hal_flash_ex.o
LOAD Drivers/STM32F4xx_HAL_Driver/Src/stm32f4xx_hal_flash_ramfunc.o
LOAD Drivers/STM32F4xx_HAL_Driver/Src/stm32f4xx_hal_gpio.o
LOAD Drivers/STM32F4xx_HAL_Driver/Src/stm32f4xx_hal_i2c.o
LOAD Drivers/STM32F4xx_HAL_Driver/Src/stm32f4xx_hal_i2c_ex.o
LOAD Drivers/STM32F4xx_HAL_Driver/Src/stm32f4xx_hal_i2s.o
LOAD Drivers/STM32F4xx_HAL_Driver/Src/stm32f4xx_hal_i2s_ex.o
LOAD Drivers/STM32F4xx_HAL_Driver/Src/stm32f4xx_hal_pwr.o
LOAD Drivers/STM32F4xx_HAL_Driver/Src/stm32f4xx_hal_pwr_ex.o
LOAD Drivers/STM32F4xx_HAL_Driver/Src/stm32f4xx_hal_rcc.o
LOAD Drivers/STM32F4xx_HAL_Driver/Src/stm32f4xx_hal_rcc_ex.o
LOAD Drivers/STM32F4xx_HAL_Driver/Src/stm32f4xx_hal_rng.o
LOAD Drivers/STM32F4xx_HAL_Driver/Src/stm32f4xx_hal_spi.o
LOAD Drivers/STM32F4xx_HAL_Driver/Src/stm32f4xx_hal_tim.o
LOAD Drivers/STM32F4xx_HAL_Driver/Src/stm32f4xx_hal_tim_ex.o
LOAD Drivers/STM32F4xx_HAL_Driver/Src/stm32f4xx_hal_uart.o
START GROUP
LOAD /Applications/STM32CubeIDE.app/Contents/Eclipse/plugins/com.st.stm32cube.ide.mcu.externaltools.gnu-tools-for-stm32.7-2018-q2-update.macos64_1.5.0.202011040924/tools/bin/../lib/gcc/arm-none-eabi/7.3.1/../../../../arm-none-eabi/lib/thumb/v7e-m/fpv4-sp/hard/libstdc++_nano.a
LOAD /Applications/STM32CubeIDE.app/Contents/Eclipse/plugins/com.st.stm32cube.ide.mcu.externaltools.gnu-tools-for-stm32.7-2018-q2-update.macos64_1.5.0.202011040924/tools/bin/../lib/gcc/arm-none-eabi/7.3.1/../../../../arm-none-eabi/lib/thumb/v7e-m/fpv4-sp/hard/libsupc++_nano.a
END GROUP
LOAD /Applications/STM32CubeIDE.app/Contents/Eclipse/plugins/com.st.stm32cube.ide.mcu.externaltools.gnu-tools-for-stm32.7-2018-q2-update.macos64_1.5.0.202011040924/tools/bin/../lib/gcc/arm-none-eabi/7.3.1/../../../../arm-none-eabi/lib/thumb/v7e-m/fpv4-sp/hard/libstdc++_nano.a
LOAD /Applications/STM32CubeIDE.app/Contents/Eclipse/plugins/com.st.stm32cube.ide.mcu.externaltools.gnu-tools-for-stm32.7-2018-q2-update.macos64_1.5.0.202011040924/tools/bin/../lib/gcc/arm-none-eabi/7.3.1/../../../../arm-none-eabi/lib/thumb/v7e-m/fpv4-sp/hard/libm.a
LOAD /Applications/STM32CubeIDE.app/Contents/Eclipse/plugins/com.st.stm32cube.ide.mcu.externaltools.gnu-tools-for-stm32.7-2018-q2-update.macos64_1.5.0.202011040924/tools/bin/../lib/gcc/arm-none-eabi/7.3.1/../../../../arm-none-eabi/lib/thumb/v7e-m/fpv4-sp/hard/libc_nano.a
START GROUP
LOAD /Applications/STM32CubeIDE.app/Contents/Eclipse/plugins/com.st.stm32cube.ide.mcu.externaltools.gnu-tools-for-stm32.7-2018-q2-update.macos64_1.5.0.202011040924/tools/bin/../lib/gcc/arm-none-eabi/7.3.1/thumb/v7e-m/fpv4-sp/hard/libgcc.a
LOAD /Applications/STM32CubeIDE.app/Contents/Eclipse/plugins/com.st.stm32cube.ide.mcu.externaltools.gnu-tools-for-stm32.7-2018-q2-update.macos64_1.5.0.202011040924/tools/bin/../lib/gcc/arm-none-eabi/7.3.1/../../../../arm-none-eabi/lib/thumb/v7e-m/fpv4-sp/hard/libc_nano.a
END GROUP
START GROUP
LOAD /Applications/STM32CubeIDE.app/Contents/Eclipse/plugins/com.st.stm32cube.ide.mcu.externaltools.gnu-tools-for-stm32.7-2018-q2-update.macos64_1.5.0.202011040924/tools/bin/../lib/gcc/arm-none-eabi/7.3.1/thumb/v7e-m/fpv4-sp/hard/libgcc.a
LOAD /Applications/STM32CubeIDE.app/Contents/Eclipse/plugins/com.st.stm32cube.ide.mcu.externaltools.gnu-tools-for-stm32.7-2018-q2-update.macos64_1.5.0.202011040924/tools/bin/../lib/gcc/arm-none-eabi/7.3.1/../../../../arm-none-eabi/lib/thumb/v7e-m/fpv4-sp/hard/libc_nano.a
END GROUP
LOAD /Applications/STM32CubeIDE.app/Contents/Eclipse/plugins/com.st.stm32cube.ide.mcu.externaltools.gnu-tools-for-stm32.7-2018-q2-update.macos64_1.5.0.202011040924/tools/bin/../lib/gcc/arm-none-eabi/7.3.1/thumb/v7e-m/fpv4-sp/hard/crtend.o
LOAD /Applications/STM32CubeIDE.app/Contents/Eclipse/plugins/com.st.stm32cube.ide.mcu.externaltools.gnu-tools-for-stm32.7-2018-q2-update.macos64_1.5.0.202011040924/tools/bin/../lib/gcc/arm-none-eabi/7.3.1/thumb/v7e-m/fpv4-sp/hard/crtn.o
                0x0000000020020000                _estack = (ORIGIN (RAM) + LENGTH (RAM))
                0x0000000000000200                _Min_Heap_Size = 0x200
                0x0000000000000400                _Min_Stack_Size = 0x400

.isr_vector     0x0000000008000000      0x188
                0x0000000008000000                . = ALIGN (0x4)
 *(.isr_vector)
 .isr_vector    0x0000000008000000      0x188 Core/Startup/startup_stm32f405rgtx.o
                0x0000000008000000                g_pfnVectors
                0x0000000008000188                . = ALIGN (0x4)

.text           0x0000000008000188     0x8060
                0x0000000008000188                . = ALIGN (0x4)
 *(.text)
 .text          0x0000000008000188       0x40 /Applications/STM32CubeIDE.app/Contents/Eclipse/plugins/com.st.stm32cube.ide.mcu.externaltools.gnu-tools-for-stm32.7-2018-q2-update.macos64_1.5.0.202011040924/tools/bin/../lib/gcc/arm-none-eabi/7.3.1/thumb/v7e-m/fpv4-sp/hard/crtbegin.o
 .text          0x00000000080001c8      0x378 /Applications/STM32CubeIDE.app/Contents/Eclipse/plugins/com.st.stm32cube.ide.mcu.externaltools.gnu-tools-for-stm32.7-2018-q2-update.macos64_1.5.0.202011040924/tools/bin/../lib/gcc/arm-none-eabi/7.3.1/thumb/v7e-m/fpv4-sp/hard/libgcc.a(_arm_addsubdf3.o)
                0x00000000080001c8                __aeabi_drsub
                0x00000000080001d0                __subdf3
                0x00000000080001d0                __aeabi_dsub
                0x00000000080001d4                __aeabi_dadd
                0x00000000080001d4                __adddf3
                0x000000000800044c                __aeabi_ui2d
                0x000000000800044c                __floatunsidf
                0x000000000800046c                __floatsidf
                0x000000000800046c                __aeabi_i2d
                0x0000000008000490                __extendsfdf2
                0x0000000008000490                __aeabi_f2d
                0x00000000080004d4                __aeabi_ul2d
                0x00000000080004d4                __floatundidf
                0x00000000080004e4                __aeabi_l2d
                0x00000000080004e4                __floatdidf
 .text          0x0000000008000540      0x424 /Applications/STM32CubeIDE.app/Contents/Eclipse/plugins/com.st.stm32cube.ide.mcu.externaltools.gnu-tools-for-stm32.7-2018-q2-update.macos64_1.5.0.202011040924/tools/bin/../lib/gcc/arm-none-eabi/7.3.1/thumb/v7e-m/fpv4-sp/hard/libgcc.a(_arm_muldivdf3.o)
                0x0000000008000540                __aeabi_dmul
                0x0000000008000540                __muldf3
                0x0000000008000794                __aeabi_ddiv
                0x0000000008000794                __divdf3
 .text          0x0000000008000964      0x110 /Applications/STM32CubeIDE.app/Contents/Eclipse/plugins/com.st.stm32cube.ide.mcu.externaltools.gnu-tools-for-stm32.7-2018-q2-update.macos64_1.5.0.202011040924/tools/bin/../lib/gcc/arm-none-eabi/7.3.1/thumb/v7e-m/fpv4-sp/hard/libgcc.a(_arm_cmpdf2.o)
                0x0000000008000964                __gedf2
                0x0000000008000964                __gtdf2
                0x000000000800096c                __ledf2
                0x000000000800096c                __ltdf2
                0x0000000008000974                __cmpdf2
                0x0000000008000974                __eqdf2
                0x0000000008000974                __nedf2
                0x00000000080009f0                __aeabi_cdrcmple
                0x0000000008000a00                __aeabi_cdcmple
                0x0000000008000a00                __aeabi_cdcmpeq
                0x0000000008000a10                __aeabi_dcmpeq
                0x0000000008000a24                __aeabi_dcmplt
                0x0000000008000a38                __aeabi_dcmple
                0x0000000008000a4c                __aeabi_dcmpge
                0x0000000008000a60                __aeabi_dcmpgt
 .text          0x0000000008000a74       0xa0 /Applications/STM32CubeIDE.app/Contents/Eclipse/plugins/com.st.stm32cube.ide.mcu.externaltools.gnu-tools-for-stm32.7-2018-q2-update.macos64_1.5.0.202011040924/tools/bin/../lib/gcc/arm-none-eabi/7.3.1/thumb/v7e-m/fpv4-sp/hard/libgcc.a(_arm_truncdfsf2.o)
                0x0000000008000a74                __aeabi_d2f
                0x0000000008000a74                __truncdfsf2
 .text          0x0000000008000b14       0x30 /Applications/STM32CubeIDE.app/Contents/Eclipse/plugins/com.st.stm32cube.ide.mcu.externaltools.gnu-tools-for-stm32.7-2018-q2-update.macos64_1.5.0.202011040924/tools/bin/../lib/gcc/arm-none-eabi/7.3.1/thumb/v7e-m/fpv4-sp/hard/libgcc.a(_aeabi_uldivmod.o)
                0x0000000008000b14                __aeabi_uldivmod
 .text          0x0000000008000b44      0x2cc /Applications/STM32CubeIDE.app/Contents/Eclipse/plugins/com.st.stm32cube.ide.mcu.externaltools.gnu-tools-for-stm32.7-2018-q2-update.macos64_1.5.0.202011040924/tools/bin/../lib/gcc/arm-none-eabi/7.3.1/thumb/v7e-m/fpv4-sp/hard/libgcc.a(_udivmoddi4.o)
                0x0000000008000b44                __udivmoddi4
 .text          0x0000000008000e10        0x4 /Applications/STM32CubeIDE.app/Contents/Eclipse/plugins/com.st.stm32cube.ide.mcu.externaltools.gnu-tools-for-stm32.7-2018-q2-update.macos64_1.5.0.202011040924/tools/bin/../lib/gcc/arm-none-eabi/7.3.1/thumb/v7e-m/fpv4-sp/hard/libgcc.a(_dvmd_tls.o)
                0x0000000008000e10                __aeabi_ldiv0
                0x0000000008000e10                __aeabi_idiv0
 *(.text*)
 .text._ZN3LCD10invertTextEb
                0x0000000008000e14        0x6 App/src/LCD.o
                0x0000000008000e14                LCD::invertText(bool)
 .text._ZN3LCD4sendEh
                0x0000000008000e1a       0x1e App/src/LCD.o
                0x0000000008000e1a                LCD::send(unsigned char)
 .text._ZN3LCD5writeEhh
                0x0000000008000e38       0x62 App/src/LCD.o
                0x0000000008000e38                LCD::write(unsigned char, unsigned char)
 .text._ZN3LCD6clrScrEv
                0x0000000008000e9a       0x22 App/src/LCD.o
                0x0000000008000e9a                LCD::clrScr()
 .text._ZN3LCD4goXYEhh
                0x0000000008000ebc       0x1e App/src/LCD.o
                0x0000000008000ebc                LCD::goXY(unsigned char, unsigned char)
 *fill*         0x0000000008000eda        0x2 
 .text._ZN3LCD7putCharEc
                0x0000000008000edc       0x54 App/src/LCD.o
                0x0000000008000edc                LCD::putChar(char)
 .text._ZN3LCD5printEPchh
                0x0000000008000f30       0x1e App/src/LCD.o
                0x0000000008000f30                LCD::print(char*, unsigned char, unsigned char)
 .text._ZN3LCD4initEv
                0x0000000008000f4e       0x4c App/src/LCD.o
                0x0000000008000f4e                LCD::init()
 .text._ZN3LCDC2EP8LCD_GPIO
                0x0000000008000f9a       0x1c App/src/LCD.o
                0x0000000008000f9a                LCD::LCD(LCD_GPIO*)
                0x0000000008000f9a                LCD::LCD(LCD_GPIO*)
 .text._ZN3LCD10refreshScrEv
                0x0000000008000fb6       0x34 App/src/LCD.o
                0x0000000008000fb6                LCD::refreshScr()
 .text._ZN3LCD9drawHLineEiii
                0x0000000008000fea       0x4e App/src/LCD.o
                0x0000000008000fea                LCD::drawHLine(int, int, int)
 .text.maincpp  0x0000000008001038       0x1e App/src/maincpp.o
                0x0000000008001038                maincpp
 .text._ZN10MenuSystemC2EP3LCD
                0x0000000008001056        0x4 App/src/menu.o
                0x0000000008001056                MenuSystem::MenuSystem(LCD*)
                0x0000000008001056                MenuSystem::MenuSystem(LCD*)
 *fill*         0x000000000800105a        0x2 
 .text._ZN10MenuSystem8MainMenuEv
                0x000000000800105c      0x110 App/src/menu.o
                0x000000000800105c                MenuSystem::MainMenu()
 .text.TriggerSound
                0x000000000800116c       0x48 Core/Src/PS_application.o
                0x000000000800116c                TriggerSound
 .text.MagicFX  0x00000000080011b4       0x86 Core/Src/PS_application.o
                0x00000000080011b4                MagicFX
 *fill*         0x000000000800123a        0x2 
 .text.MagicPatch
                0x000000000800123c      0x188 Core/Src/PS_application.o
                0x000000000800123c                MagicPatch
 .text.HAL_I2S_TxCpltCallback
                0x00000000080013c4       0x1c Core/Src/PS_application.o
                0x00000000080013c4                HAL_I2S_TxCpltCallback
 .text.HAL_I2S_TxHalfCpltCallback
                0x00000000080013e0       0x1c Core/Src/PS_application.o
                0x00000000080013e0                HAL_I2S_TxHalfCpltCallback
 .text.ADSR_init
                0x00000000080013fc       0x28 Core/Src/adsr.o
                0x00000000080013fc                ADSR_init
 .text.ADSR_keyOn
                0x0000000008001424       0x12 Core/Src/adsr.o
                0x0000000008001424                ADSR_keyOn
 .text.ADSR_keyOff
                0x0000000008001436       0x12 Core/Src/adsr.o
                0x0000000008001436                ADSR_keyOff
 .text.AttTime_set
                0x0000000008001448       0x40 Core/Src/adsr.o
                0x0000000008001448                AttTime_set
 .text.DecTime_set
                0x0000000008001488       0x68 Core/Src/adsr.o
                0x0000000008001488                DecTime_set
 .text.SustLevel_set
                0x00000000080014f0       0x20 Core/Src/adsr.o
                0x00000000080014f0                SustLevel_set
 .text.RelTime_set
                0x0000000008001510       0x40 Core/Src/adsr.o
                0x0000000008001510                RelTime_set
 .text.ADSR_computeSample
                0x0000000008001550       0x90 Core/Src/adsr.o
                0x0000000008001550                ADSR_computeSample
 .text.place_step_dd
                0x00000000080015e0       0x74 Core/Src/blepvco.o
                0x00000000080015e0                place_step_dd
 .text.place_slope_dd
                0x0000000008001654       0x80 Core/Src/blepvco.o
                0x0000000008001654                place_slope_dd
 .text.VCO_blepsaw_Init
                0x00000000080016d4       0x2c Core/Src/blepvco.o
                0x00000000080016d4                VCO_blepsaw_Init
 .text.VCO_blepsaw_SampleCompute
                0x0000000008001700      0x1bc Core/Src/blepvco.o
                0x0000000008001700                VCO_blepsaw_SampleCompute
 .text.VCO_bleprect_Init
                0x00000000080018bc       0x2c Core/Src/blepvco.o
                0x00000000080018bc                VCO_bleprect_Init
 .text.VCO_bleprect_SampleCompute
                0x00000000080018e8      0x3c0 Core/Src/blepvco.o
                0x00000000080018e8                VCO_bleprect_SampleCompute
 .text.VCO_bleptri_Init
                0x0000000008001ca8       0x2c Core/Src/blepvco.o
                0x0000000008001ca8                VCO_bleptri_Init
 *fill*         0x0000000008001cd4        0x4 
 .text.VCO_bleptri_SampleCompute
                0x0000000008001cd8      0x47c Core/Src/blepvco.o
                0x0000000008001cd8                VCO_bleptri_SampleCompute
 .text.Lfo_SampleCompute
                0x0000000008002154       0x88 Core/Src/chorusFD.o
                0x0000000008002154                Lfo_SampleCompute
 .text.Chorus_init
                0x00000000080021dc       0x98 Core/Src/chorusFD.o
                0x00000000080021dc                Chorus_init
 .text.ChorusRate_set
                0x0000000008002274       0x3c Core/Src/chorusFD.o
                0x0000000008002274                ChorusRate_set
 .text.ChorusSecondRate_set
                0x00000000080022b0       0x3c Core/Src/chorusFD.o
                0x00000000080022b0                ChorusSecondRate_set
 .text.ChorusDelay_set
                0x00000000080022ec       0x2c Core/Src/chorusFD.o
                0x00000000080022ec                ChorusDelay_set
 .text.ChorusFeedback_set
                0x0000000008002318       0x38 Core/Src/chorusFD.o
                0x0000000008002318                ChorusFeedback_set
 .text.ChorusSweep_set
                0x0000000008002350       0x24 Core/Src/chorusFD.o
                0x0000000008002350                ChorusSweep_set
 .text.ChorusMode_switch
                0x0000000008002374       0x28 Core/Src/chorusFD.o
                0x0000000008002374                ChorusMode_switch
 .text.ChorusFDBsign_switch
                0x000000000800239c       0x50 Core/Src/chorusFD.o
                0x000000000800239c                ChorusFDBsign_switch
 .text.delay_write
                0x00000000080023ec       0x18 Core/Src/chorusFD.o
                0x00000000080023ec                delay_write
 .text.delay_read
                0x0000000008002404       0xf8 Core/Src/chorusFD.o
                0x0000000008002404                delay_read
 .text.mono_chorus_compute
                0x00000000080024fc       0xa6 Core/Src/chorusFD.o
                0x00000000080024fc                mono_chorus_compute
 *fill*         0x00000000080025a2        0x2 
 .text.stereoChorus_compute
                0x00000000080025a4       0x40 Core/Src/chorusFD.o
                0x00000000080025a4                stereoChorus_compute
 .text.Delay_init
                0x00000000080025e4       0x2c Core/Src/delay.o
                0x00000000080025e4                Delay_init
 .text.Delay_clean
                0x0000000008002610       0x18 Core/Src/delay.o
                0x0000000008002610                Delay_clean
 .text.Delay_time_set
                0x0000000008002628       0x54 Core/Src/delay.o
                0x0000000008002628                Delay_time_set
 .text.DelayFeedback_set
                0x000000000800267c       0x20 Core/Src/delay.o
                0x000000000800267c                DelayFeedback_set
 .text.DelayWet_set
                0x000000000800269c       0x20 Core/Src/delay.o
                0x000000000800269c                DelayWet_set
 .text.Delay_compute
                0x00000000080026bc       0xb8 Core/Src/delay.o
                0x00000000080026bc                Delay_compute
 .text.Drifter_amp_set
                0x0000000008002774       0x2c Core/Src/drifter.o
                0x0000000008002774                Drifter_amp_set
 .text.Drifter_minFreq_set
                0x00000000080027a0       0x38 Core/Src/drifter.o
                0x00000000080027a0                Drifter_minFreq_set
 .text.Drifter_maxFreq_set
                0x00000000080027d8       0x60 Core/Src/drifter.o
                0x00000000080027d8                Drifter_maxFreq_set
 .text.drifter_newSegment
                0x0000000008002838       0x64 Core/Src/drifter.o
                0x0000000008002838                drifter_newSegment
 .text.drifter_nextSample
                0x000000000800289c       0x3a Core/Src/drifter.o
                0x000000000800289c                drifter_nextSample
 *fill*         0x00000000080028d6        0x2 
 .text.d1_drifter_nextSample
                0x00000000080028d8        0xc Core/Src/drifter.o
                0x00000000080028d8                d1_drifter_nextSample
 .text.d2_drifter_nextSample
                0x00000000080028e4        0xc Core/Src/drifter.o
                0x00000000080028e4                d2_drifter_nextSample
 .text.drifter_prepare
                0x00000000080028f0       0x1c Core/Src/drifter.o
                0x00000000080028f0                drifter_prepare
 .text.drifter_init
                0x000000000800290c       0x24 Core/Src/drifter.o
                0x000000000800290c                drifter_init
 .text.SystemClock_Config
                0x0000000008002930       0xb4 Core/Src/main.o
                0x0000000008002930                SystemClock_Config
 .text.startup.main
                0x00000000080029e4      0x2c8 Core/Src/main.o
                0x00000000080029e4                main
 .text.Error_Handler
                0x0000000008002cac        0x2 Core/Src/main.o
                0x0000000008002cac                Error_Handler
 *fill*         0x0000000008002cae        0x2 
 .text.Lin2Exp  0x0000000008002cb0       0x30 Core/Src/math_tools.o
                0x0000000008002cb0                Lin2Exp
 .text.tanhXdX  0x0000000008002ce0       0x3c Core/Src/math_tools.o
                0x0000000008002ce0                tanhXdX
 .text.fastTanh
                0x0000000008002d1c       0x50 Core/Src/math_tools.o
                0x0000000008002d1c                fastTanh
 .text.softClipTwo
                0x0000000008002d6c       0x18 Core/Src/math_tools.o
                0x0000000008002d6c                softClipTwo
 .text.fastTan  0x0000000008002d84       0x2a Core/Src/math_tools.o
                0x0000000008002d84                fastTan
 .text.osc_init
                0x0000000008002dae       0x1c Core/Src/oscillators.o
                0x0000000008002dae                osc_init
 *fill*         0x0000000008002dca        0x2 
 .text.Drifter_centralFreq_set
                0x0000000008002dcc       0x20 Core/Src/oscillators.o
                0x0000000008002dcc                Drifter_centralFreq_set
 .text.FM_op_freq_set
                0x0000000008002dec       0x1c Core/Src/oscillators.o
                0x0000000008002dec                FM_op_freq_set
 .text.FM_op_modInd_set
                0x0000000008002e08       0x2c Core/Src/oscillators.o
                0x0000000008002e08                FM_op_modInd_set
 .text.OpSampleCompute0
                0x0000000008002e34       0x58 Core/Src/oscillators.o
                0x0000000008002e34                OpSampleCompute0
 .text.Osc_WT_SINE_SampleCompute
                0x0000000008002e8c       0x88 Core/Src/oscillators.o
                0x0000000008002e8c                Osc_WT_SINE_SampleCompute
 .text.Osc_FM_sine_SampleCompute
                0x0000000008002f14       0x94 Core/Src/oscillators.o
                0x0000000008002f14                Osc_FM_sine_SampleCompute
 .text.FM2_sampleCompute
                0x0000000008002fa8       0x7c Core/Src/oscillators.o
                0x0000000008002fa8                FM2_sampleCompute
 .text.OpSampleCompute7bis
                0x0000000008003024       0x98 Core/Src/oscillators.o
                0x0000000008003024                OpSampleCompute7bis
 .text.OpSampleCompute1
                0x00000000080030bc       0x98 Core/Src/oscillators.o
                0x00000000080030bc                OpSampleCompute1
 .text.OpSampleCompute2
                0x0000000008003154       0x84 Core/Src/oscillators.o
                0x0000000008003154                OpSampleCompute2
 .text.OpSampleCompute3
                0x00000000080031d8       0x80 Core/Src/oscillators.o
                0x00000000080031d8                OpSampleCompute3
 .text.OpSampleCompute5
                0x0000000008003258       0x8c Core/Src/oscillators.o
                0x0000000008003258                OpSampleCompute5
 .text.MorphingSaw_SampleCompute
                0x00000000080032e4       0xe8 Core/Src/oscillators.o
                0x00000000080032e4                MorphingSaw_SampleCompute
 .text.Drifters_sampleCompute
                0x00000000080033cc       0xa8 Core/Src/oscillators.o
                0x00000000080033cc                Drifters_sampleCompute
 .text.AdditiveGen_newWaveform
                0x0000000008003474       0x7c Core/Src/oscillators.o
                0x0000000008003474                AdditiveGen_newWaveform
 .text.AdditiveGen_SampleCompute
                0x00000000080034f0       0xc0 Core/Src/oscillators.o
                0x00000000080034f0                AdditiveGen_SampleCompute
 .text.waveCompute
                0x00000000080035b0      0x1fc Core/Src/oscillators.o
                0x00000000080035b0                waveCompute
 .text.PhaserInit
                0x00000000080037ac       0x48 Core/Src/phaser.o
                0x00000000080037ac                PhaserInit
 .text.Phaser_Rate_set
                0x00000000080037f4       0x40 Core/Src/phaser.o
                0x00000000080037f4                Phaser_Rate_set
 .text.Phaser_Feedback_set
                0x0000000008003834       0x2c Core/Src/phaser.o
                0x0000000008003834                Phaser_Feedback_set
 .text.Phaser_Wet_set
                0x0000000008003860       0x20 Core/Src/phaser.o
                0x0000000008003860                Phaser_Wet_set
 .text.Phaser_compute
                0x0000000008003880      0x110 Core/Src/phaser.o
                0x0000000008003880                Phaser_compute
 .text.frand_a_b
                0x0000000008003990       0x2c Core/Src/random.o
                0x0000000008003990                frand_a_b
 .text.MIDIrandVal
                0x00000000080039bc       0x20 Core/Src/random.o
                0x00000000080039bc                MIDIrandVal
 .text.SVF_setReso
                0x00000000080039dc       0x24 Core/Src/resonantFilter.o
                0x00000000080039dc                SVF_setReso
 .text.SVF_setDrive
                0x0000000008003a00       0x28 Core/Src/resonantFilter.o
                0x0000000008003a00                SVF_setDrive
 .text.SVF_directSetFilterValue
                0x0000000008003a28       0x60 Core/Src/resonantFilter.o
                0x0000000008003a28                SVF_directSetFilterValue
 .text.SVF_initialize
                0x0000000008003a88       0x34 Core/Src/resonantFilter.o
                0x0000000008003a88                SVF_initialize
 .text.SVF_init
                0x0000000008003abc       0x1c Core/Src/resonantFilter.o
                0x0000000008003abc                SVF_init
 .text.Filter1Freq_set
                0x0000000008003ad8       0x3c Core/Src/resonantFilter.o
                0x0000000008003ad8                Filter1Freq_set
 .text.Filter1Res_set
                0x0000000008003b14       0x20 Core/Src/resonantFilter.o
                0x0000000008003b14                Filter1Res_set
 .text.Filter1Drive_set
                0x0000000008003b34        0xc Core/Src/resonantFilter.o
                0x0000000008003b34                Filter1Drive_set
 .text.Filter1Type_set
                0x0000000008003b40       0x28 Core/Src/resonantFilter.o
                0x0000000008003b40                Filter1Type_set
 .text.Filter2Freq_set
                0x0000000008003b68       0x3c Core/Src/resonantFilter.o
                0x0000000008003b68                Filter2Freq_set
 .text.Filter2Res_set
                0x0000000008003ba4       0x20 Core/Src/resonantFilter.o
                0x0000000008003ba4                Filter2Res_set
 .text.Filter2Drive_set
                0x0000000008003bc4        0xc Core/Src/resonantFilter.o
                0x0000000008003bc4                Filter2Drive_set
 .text.Filter2Type_set
                0x0000000008003bd0       0x2c Core/Src/resonantFilter.o
                0x0000000008003bd0                Filter2Type_set
 .text.SVF_calcSample
                0x0000000008003bfc      0x1a8 Core/Src/resonantFilter.o
                0x0000000008003bfc                SVF_calcSample
 .text.seq_tempo_set
                0x0000000008003da4       0x48 Core/Src/sequencer.o
                0x0000000008003da4                seq_tempo_set
 .text.seq_gateTime_set
                0x0000000008003dec       0x48 Core/Src/sequencer.o
                0x0000000008003dec                seq_gateTime_set
 .text.seq_chooseScale
                0x0000000008003e34       0x28 Core/Src/sequencer.o
                0x0000000008003e34                seq_chooseScale
 .text.seq_scale_set
                0x0000000008003e5c       0x3c Core/Src/sequencer.o
                0x0000000008003e5c                seq_scale_set
 .text.seq_switchMovingSeq
                0x0000000008003e98       0x14 Core/Src/sequencer.o
                0x0000000008003e98                seq_switchMovingSeq
 .text.seq_switchMute
                0x0000000008003eac       0x1c Core/Src/sequencer.o
                0x0000000008003eac                seq_switchMute
 .text.seq_freqMax_set
                0x0000000008003ec8       0x38 Core/Src/sequencer.o
                0x0000000008003ec8                seq_freqMax_set
 .text.seq_sequence_new
                0x0000000008003f00       0x80 Core/Src/sequencer.o
                0x0000000008003f00                seq_sequence_new
 .text.seq_transpose
                0x0000000008003f80       0x3c Core/Src/sequencer.o
                0x0000000008003f80                seq_transpose
 .text.sequencer_init
                0x0000000008003fbc       0x5c Core/Src/sequencer.o
                0x0000000008003fbc                sequencer_init
 .text.sequencer_process
                0x0000000008004018       0x38 Core/Src/sequencer.o
                0x0000000008004018                sequencer_process
 .text.autoSound_set
                0x0000000008004050        0xc Core/Src/soundGen.o
                0x0000000008004050                autoSound_set
 .text.soundNumber_get
                0x000000000800405c        0xc Core/Src/soundGen.o
                0x000000000800405c                soundNumber_get
 .text.AmpLFO_amp_set
                0x0000000008004068       0x20 Core/Src/soundGen.o
                0x0000000008004068                AmpLFO_amp_set
 .text.AmpLFO_freq_set
                0x0000000008004088       0x20 Core/Src/soundGen.o
                0x0000000008004088                AmpLFO_freq_set
 .text.Filt1LFO_amp_set
                0x00000000080040a8       0x20 Core/Src/soundGen.o
                0x00000000080040a8                Filt1LFO_amp_set
 .text.Filt1LFO_freq_set
                0x00000000080040c8       0x20 Core/Src/soundGen.o
                0x00000000080040c8                Filt1LFO_freq_set
 .text.Filt2LFO_amp_set
                0x00000000080040e8       0x20 Core/Src/soundGen.o
                0x00000000080040e8                Filt2LFO_amp_set
 .text.Filt2LFO_freq_set
                0x0000000008004108       0x20 Core/Src/soundGen.o
                0x0000000008004108                Filt2LFO_freq_set
 .text.VibratoAmp_set
                0x0000000008004128       0x20 Core/Src/soundGen.o
                0x0000000008004128                VibratoAmp_set
 .text.VibratoFreq_set
                0x0000000008004148       0x20 Core/Src/soundGen.o
                0x0000000008004148                VibratoFreq_set
 .text.Delay_switch
                0x0000000008004168       0x18 Core/Src/soundGen.o
                0x0000000008004168                Delay_switch
 .text.Filter_Random_switch
                0x0000000008004180       0x14 Core/Src/soundGen.o
                0x0000000008004180                Filter_Random_switch
 .text.Chorus_switch
                0x0000000008004194       0x14 Core/Src/soundGen.o
                0x0000000008004194                Chorus_switch
 .text.Phaser_switch
                0x00000000080041a8       0x14 Core/Src/soundGen.o
                0x00000000080041a8                Phaser_switch
 .text.Sound_set
                0x00000000080041bc       0x44 Core/Src/soundGen.o
                0x00000000080041bc                Sound_set
 .text.FM_OP1_freq_set
                0x0000000008004200        0xc Core/Src/soundGen.o
                0x0000000008004200                FM_OP1_freq_set
 .text.FM_OP1_modInd_set
                0x000000000800420c        0xc Core/Src/soundGen.o
                0x000000000800420c                FM_OP1_modInd_set
 .text.FM_OP2_freq_set
                0x0000000008004218       0x24 Core/Src/soundGen.o
                0x0000000008004218                FM_OP2_freq_set
 .text.FM_OP2_modInd_set
                0x000000000800423c        0xc Core/Src/soundGen.o
                0x000000000800423c                FM_OP2_modInd_set
 .text.FM_OP3_freq_set
                0x0000000008004248       0x24 Core/Src/soundGen.o
                0x0000000008004248                FM_OP3_freq_set
 .text.FM_OP3_modInd_set
                0x000000000800426c        0xc Core/Src/soundGen.o
                0x000000000800426c                FM_OP3_modInd_set
 .text.FM_OP4_freq_set
                0x0000000008004278       0x24 Core/Src/soundGen.o
                0x0000000008004278                FM_OP4_freq_set
 .text.FM_OP4_modInd_set
                0x000000000800429c        0xc Core/Src/soundGen.o
                0x000000000800429c                FM_OP4_modInd_set
 .text.Synth_Init
                0x00000000080042a8      0x12c Core/Src/soundGen.o
                0x00000000080042a8                Synth_Init
 .text.sequencer_newStep_action
                0x00000000080043d4      0x144 Core/Src/soundGen.o
                0x00000000080043d4                sequencer_newStep_action
 .text.sequencer_newSequence_action
                0x0000000008004518       0x28 Core/Src/soundGen.o
                0x0000000008004518                sequencer_newSequence_action
 .text.make_sound
                0x0000000008004540      0x21c Core/Src/soundGen.o
                0x0000000008004540                make_sound
 .text.HAL_MspInit
                0x000000000800475c       0x38 Core/Src/stm32f4xx_hal_msp.o
                0x000000000800475c                HAL_MspInit
 .text.HAL_I2C_MspInit
                0x0000000008004794       0x74 Core/Src/stm32f4xx_hal_msp.o
                0x0000000008004794                HAL_I2C_MspInit
 .text.HAL_I2S_MspInit
                0x0000000008004808      0x104 Core/Src/stm32f4xx_hal_msp.o
                0x0000000008004808                HAL_I2S_MspInit
 .text.HAL_RNG_MspInit
                0x000000000800490c       0x30 Core/Src/stm32f4xx_hal_msp.o
                0x000000000800490c                HAL_RNG_MspInit
 .text.HAL_SPI_MspInit
                0x000000000800493c       0x6c Core/Src/stm32f4xx_hal_msp.o
                0x000000000800493c                HAL_SPI_MspInit
 .text.HAL_TIM_Encoder_MspInit
                0x00000000080049a8       0x6c Core/Src/stm32f4xx_hal_msp.o
                0x00000000080049a8                HAL_TIM_Encoder_MspInit
 .text.HAL_UART_MspInit
                0x0000000008004a14       0x6c Core/Src/stm32f4xx_hal_msp.o
                0x0000000008004a14                HAL_UART_MspInit
 .text.NMI_Handler
                0x0000000008004a80        0x2 Core/Src/stm32f4xx_it.o
                0x0000000008004a80                NMI_Handler
 .text.HardFault_Handler
                0x0000000008004a82        0x2 Core/Src/stm32f4xx_it.o
                0x0000000008004a82                HardFault_Handler
 .text.MemManage_Handler
                0x0000000008004a84        0x2 Core/Src/stm32f4xx_it.o
                0x0000000008004a84                MemManage_Handler
 .text.BusFault_Handler
                0x0000000008004a86        0x2 Core/Src/stm32f4xx_it.o
                0x0000000008004a86                BusFault_Handler
 .text.UsageFault_Handler
                0x0000000008004a88        0x2 Core/Src/stm32f4xx_it.o
                0x0000000008004a88                UsageFault_Handler
 .text.SVC_Handler
                0x0000000008004a8a        0x2 Core/Src/stm32f4xx_it.o
                0x0000000008004a8a                SVC_Handler
 .text.DebugMon_Handler
                0x0000000008004a8c        0x2 Core/Src/stm32f4xx_it.o
                0x0000000008004a8c                DebugMon_Handler
 .text.PendSV_Handler
                0x0000000008004a8e        0x2 Core/Src/stm32f4xx_it.o
                0x0000000008004a8e                PendSV_Handler
 .text.SysTick_Handler
                0x0000000008004a90        0x4 Core/Src/stm32f4xx_it.o
                0x0000000008004a90                SysTick_Handler
 .text.DMA1_Stream4_IRQHandler
                0x0000000008004a94        0xc Core/Src/stm32f4xx_it.o
                0x0000000008004a94                DMA1_Stream4_IRQHandler
 .text.EXTI9_5_IRQHandler
                0x0000000008004aa0       0x10 Core/Src/stm32f4xx_it.o
                0x0000000008004aa0                EXTI9_5_IRQHandler
 .text.EXTI15_10_IRQHandler
                0x0000000008004ab0       0x68 Core/Src/stm32f4xx_it.o
                0x0000000008004ab0                EXTI15_10_IRQHandler
 .text._sbrk    0x0000000008004b18       0x40 Core/Src/sysmem.o
                0x0000000008004b18                _sbrk
 .text.SystemInit
                0x0000000008004b58       0x1c Core/Src/system_stm32f4xx.o
                0x0000000008004b58                SystemInit
 .text.WM8978_Write_Reg
                0x0000000008004b74       0x54 Core/Src/wm8978.o
                0x0000000008004b74                WM8978_Write_Reg
 .text.WM8978_ADDA_Cfg
                0x0000000008004bc8       0x3c Core/Src/wm8978.o
                0x0000000008004bc8                WM8978_ADDA_Cfg
 .text.WM8978_LINEIN_Gain
                0x0000000008004c04       0x34 Core/Src/wm8978.o
                0x0000000008004c04                WM8978_LINEIN_Gain
 .text.WM8978_AUX_Gain
                0x0000000008004c38       0x30 Core/Src/wm8978.o
                0x0000000008004c38                WM8978_AUX_Gain
 .text.WM8978_Input_Cfg
                0x0000000008004c68       0x58 Core/Src/wm8978.o
                0x0000000008004c68                WM8978_Input_Cfg
 .text.WM8978_Output_Cfg
                0x0000000008004cc0       0x22 Core/Src/wm8978.o
                0x0000000008004cc0                WM8978_Output_Cfg
 *fill*         0x0000000008004ce2        0x2 
 .text.WM8978_HPvol_Set
                0x0000000008004ce4       0x30 Core/Src/wm8978.o
                0x0000000008004ce4                WM8978_HPvol_Set
 .text.WM8978_SPKvol_Set
                0x0000000008004d14       0x28 Core/Src/wm8978.o
                0x0000000008004d14                WM8978_SPKvol_Set
 .text.WM8978_Init
                0x0000000008004d3c       0xc0 Core/Src/wm8978.o
                0x0000000008004d3c                WM8978_Init
 .text.Reset_Handler
                0x0000000008004dfc       0x50 Core/Startup/startup_stm32f405rgtx.o
                0x0000000008004dfc                Reset_Handler
 .text.Default_Handler
                0x0000000008004e4c        0x2 Core/Startup/startup_stm32f405rgtx.o
                0x0000000008004e4c                DMA1_Stream3_IRQHandler
                0x0000000008004e4c                HASH_RNG_IRQHandler
                0x0000000008004e4c                EXTI2_IRQHandler
                0x0000000008004e4c                TIM8_CC_IRQHandler
                0x0000000008004e4c                TIM1_CC_IRQHandler
                0x0000000008004e4c                DMA2_Stream5_IRQHandler
                0x0000000008004e4c                DMA1_Stream5_IRQHandler
                0x0000000008004e4c                PVD_IRQHandler
                0x0000000008004e4c                SDIO_IRQHandler
                0x0000000008004e4c                TAMP_STAMP_IRQHandler
                0x0000000008004e4c                CAN2_RX1_IRQHandler
                0x0000000008004e4c                EXTI3_IRQHandler
                0x0000000008004e4c                TIM8_TRG_COM_TIM14_IRQHandler
                0x0000000008004e4c                TIM1_UP_TIM10_IRQHandler
                0x0000000008004e4c                TIM8_UP_TIM13_IRQHandler
                0x0000000008004e4c                I2C3_ER_IRQHandler
                0x0000000008004e4c                EXTI0_IRQHandler
                0x0000000008004e4c                I2C2_EV_IRQHandler
                0x0000000008004e4c                DMA1_Stream2_IRQHandler
                0x0000000008004e4c                CAN1_RX0_IRQHandler
                0x0000000008004e4c                FPU_IRQHandler
                0x0000000008004e4c                OTG_HS_WKUP_IRQHandler
                0x0000000008004e4c                CAN2_SCE_IRQHandler
                0x0000000008004e4c                DMA2_Stream2_IRQHandler
                0x0000000008004e4c                SPI1_IRQHandler
                0x0000000008004e4c                TIM6_DAC_IRQHandler
                0x0000000008004e4c                TIM1_BRK_TIM9_IRQHandler
                0x0000000008004e4c                CAN2_RX0_IRQHandler
                0x0000000008004e4c                DMA2_Stream3_IRQHandler
                0x0000000008004e4c                USART6_IRQHandler
                0x0000000008004e4c                USART3_IRQHandler
                0x0000000008004e4c                CAN1_RX1_IRQHandler
                0x0000000008004e4c                UART5_IRQHandler
                0x0000000008004e4c                DMA2_Stream0_IRQHandler
                0x0000000008004e4c                TIM4_IRQHandler
                0x0000000008004e4c                I2C1_EV_IRQHandler
                0x0000000008004e4c                DMA1_Stream6_IRQHandler
                0x0000000008004e4c                DMA1_Stream1_IRQHandler
                0x0000000008004e4c                UART4_IRQHandler
                0x0000000008004e4c                TIM3_IRQHandler
                0x0000000008004e4c                RCC_IRQHandler
                0x0000000008004e4c                TIM8_BRK_TIM12_IRQHandler
                0x0000000008004e4c                Default_Handler
                0x0000000008004e4c                ADC_IRQHandler
                0x0000000008004e4c                DMA1_Stream7_IRQHandler
                0x0000000008004e4c                TIM7_IRQHandler
                0x0000000008004e4c                CAN2_TX_IRQHandler
                0x0000000008004e4c                TIM5_IRQHandler
                0x0000000008004e4c                DMA2_Stream7_IRQHandler
                0x0000000008004e4c                I2C3_EV_IRQHandler
                0x0000000008004e4c                RTC_WKUP_IRQHandler
                0x0000000008004e4c                SPI2_IRQHandler
                0x0000000008004e4c                OTG_HS_EP1_IN_IRQHandler
                0x0000000008004e4c                DMA1_Stream0_IRQHandler
                0x0000000008004e4c                CAN1_TX_IRQHandler
                0x0000000008004e4c                EXTI4_IRQHandler
                0x0000000008004e4c                FSMC_IRQHandler
                0x0000000008004e4c                OTG_HS_EP1_OUT_IRQHandler
                0x0000000008004e4c                WWDG_IRQHandler
                0x0000000008004e4c                TIM2_IRQHandler
                0x0000000008004e4c                OTG_FS_WKUP_IRQHandler
                0x0000000008004e4c                TIM1_TRG_COM_TIM11_IRQHandler
                0x0000000008004e4c                OTG_HS_IRQHandler
                0x0000000008004e4c                EXTI1_IRQHandler
                0x0000000008004e4c                USART2_IRQHandler
                0x0000000008004e4c                I2C2_ER_IRQHandler
                0x0000000008004e4c                DMA2_Stream1_IRQHandler
                0x0000000008004e4c                CAN1_SCE_IRQHandler
                0x0000000008004e4c                FLASH_IRQHandler
                0x0000000008004e4c                DMA2_Stream4_IRQHandler
                0x0000000008004e4c                USART1_IRQHandler
                0x0000000008004e4c                OTG_FS_IRQHandler
                0x0000000008004e4c                SPI3_IRQHandler
                0x0000000008004e4c                I2C1_ER_IRQHandler
                0x0000000008004e4c                DMA2_Stream6_IRQHandler
                0x0000000008004e4c                RTC_Alarm_IRQHandler
 *fill*         0x0000000008004e4e        0x2 
 .text.HAL_InitTick
                0x0000000008004e50       0x48 Drivers/STM32F4xx_HAL_Driver/Src/stm32f4xx_hal.o
                0x0000000008004e50                HAL_InitTick
 .text.HAL_Init
                0x0000000008004e98       0x34 Drivers/STM32F4xx_HAL_Driver/Src/stm32f4xx_hal.o
                0x0000000008004e98                HAL_Init
 .text.HAL_IncTick
                0x0000000008004ecc       0x18 Drivers/STM32F4xx_HAL_Driver/Src/stm32f4xx_hal.o
                0x0000000008004ecc                HAL_IncTick
 .text.HAL_GetTick
                0x0000000008004ee4        0xc Drivers/STM32F4xx_HAL_Driver/Src/stm32f4xx_hal.o
                0x0000000008004ee4                HAL_GetTick
 .text.HAL_NVIC_SetPriorityGrouping
                0x0000000008004ef0       0x24 Drivers/STM32F4xx_HAL_Driver/Src/stm32f4xx_hal_cortex.o
                0x0000000008004ef0                HAL_NVIC_SetPriorityGrouping
 .text.HAL_NVIC_SetPriority
                0x0000000008004f14       0x68 Drivers/STM32F4xx_HAL_Driver/Src/stm32f4xx_hal_cortex.o
                0x0000000008004f14                HAL_NVIC_SetPriority
 .text.HAL_NVIC_EnableIRQ
                0x0000000008004f7c       0x1c Drivers/STM32F4xx_HAL_Driver/Src/stm32f4xx_hal_cortex.o
                0x0000000008004f7c                HAL_NVIC_EnableIRQ
 .text.HAL_SYSTICK_Config
                0x0000000008004f98       0x2c Drivers/STM32F4xx_HAL_Driver/Src/stm32f4xx_hal_cortex.o
                0x0000000008004f98                HAL_SYSTICK_Config
 .text.DMA_CalcBaseAndBitshift
                0x0000000008004fc4       0x2c Drivers/STM32F4xx_HAL_Driver/Src/stm32f4xx_hal_dma.o
 .text.HAL_DMA_Init
                0x0000000008004ff0       0xfc Drivers/STM32F4xx_HAL_Driver/Src/stm32f4xx_hal_dma.o
                0x0000000008004ff0                HAL_DMA_Init
 .text.HAL_DMA_Start_IT
                0x00000000080050ec       0x74 Drivers/STM32F4xx_HAL_Driver/Src/stm32f4xx_hal_dma.o
                0x00000000080050ec                HAL_DMA_Start_IT
 .text.HAL_DMA_IRQHandler
                0x0000000008005160      0x17c Drivers/STM32F4xx_HAL_Driver/Src/stm32f4xx_hal_dma.o
                0x0000000008005160                HAL_DMA_IRQHandler
 .text.HAL_GPIO_Init
                0x00000000080052dc      0x1c0 Drivers/STM32F4xx_HAL_Driver/Src/stm32f4xx_hal_gpio.o
                0x00000000080052dc                HAL_GPIO_Init
 .text.HAL_GPIO_WritePin
                0x000000000800549c        0xa Drivers/STM32F4xx_HAL_Driver/Src/stm32f4xx_hal_gpio.o
                0x000000000800549c                HAL_GPIO_WritePin
 .text.HAL_GPIO_EXTI_Callback
                0x00000000080054a6        0x2 Drivers/STM32F4xx_HAL_Driver/Src/stm32f4xx_hal_gpio.o
                0x00000000080054a6                HAL_GPIO_EXTI_Callback
 .text.HAL_GPIO_EXTI_IRQHandler
                0x00000000080054a8       0x18 Drivers/STM32F4xx_HAL_Driver/Src/stm32f4xx_hal_gpio.o
                0x00000000080054a8                HAL_GPIO_EXTI_IRQHandler
 .text.I2C_IsAcknowledgeFailed
                0x00000000080054c0       0x34 Drivers/STM32F4xx_HAL_Driver/Src/stm32f4xx_hal_i2c.o
 .text.I2C_WaitOnMasterAddressFlagUntilTimeout
                0x00000000080054f4       0x74 Drivers/STM32F4xx_HAL_Driver/Src/stm32f4xx_hal_i2c.o
 .text.I2C_WaitOnBTFFlagUntilTimeout
                0x0000000008005568       0x4c Drivers/STM32F4xx_HAL_Driver/Src/stm32f4xx_hal_i2c.o
 .text.I2C_WaitOnFlagUntilTimeout
                0x00000000080055b4       0x62 Drivers/STM32F4xx_HAL_Driver/Src/stm32f4xx_hal_i2c.o
 .text.I2C_WaitOnTXEFlagUntilTimeout
                0x0000000008005616       0x4c Drivers/STM32F4xx_HAL_Driver/Src/stm32f4xx_hal_i2c.o
 *fill*         0x0000000008005662        0x2 
 .text.HAL_I2C_Init
                0x0000000008005664      0x158 Drivers/STM32F4xx_HAL_Driver/Src/stm32f4xx_hal_i2c.o
                0x0000000008005664                HAL_I2C_Init
 .text.HAL_I2C_Master_Transmit
                0x00000000080057bc      0x1a8 Drivers/STM32F4xx_HAL_Driver/Src/stm32f4xx_hal_i2c.o
                0x00000000080057bc                HAL_I2C_Master_Transmit
 .text.HAL_I2S_Init
                0x0000000008005964      0x130 Drivers/STM32F4xx_HAL_Driver/Src/stm32f4xx_hal_i2s.o
                0x0000000008005964                HAL_I2S_Init
 .text.HAL_I2S_Transmit_DMA
                0x0000000008005a94       0xb8 Drivers/STM32F4xx_HAL_Driver/Src/stm32f4xx_hal_i2s.o
                0x0000000008005a94                HAL_I2S_Transmit_DMA
 .text.I2S_DMATxHalfCplt
                0x0000000008005b4c        0xa Drivers/STM32F4xx_HAL_Driver/Src/stm32f4xx_hal_i2s.o
 .text.I2S_DMATxCplt
                0x0000000008005b56       0x22 Drivers/STM32F4xx_HAL_Driver/Src/stm32f4xx_hal_i2s.o
 .text.HAL_I2S_RxCpltCallback
                0x0000000008005b78        0x2 Drivers/STM32F4xx_HAL_Driver/Src/stm32f4xx_hal_i2s.o
                0x0000000008005b78                HAL_I2S_RxCpltCallback
 .text.HAL_I2S_ErrorCallback
                0x0000000008005b7a        0x2 Drivers/STM32F4xx_HAL_Driver/Src/stm32f4xx_hal_i2s.o
                0x0000000008005b7a                HAL_I2S_ErrorCallback
 .text.I2S_IRQHandler
                0x0000000008005b7c       0xfa Drivers/STM32F4xx_HAL_Driver/Src/stm32f4xx_hal_i2s.o
 .text.I2S_DMAError
                0x0000000008005c76       0x28 Drivers/STM32F4xx_HAL_Driver/Src/stm32f4xx_hal_i2s.o
 .text.HAL_I2SEx_TxRxCpltCallback
                0x0000000008005c9e        0x2 Drivers/STM32F4xx_HAL_Driver/Src/stm32f4xx_hal_i2s_ex.o
                0x0000000008005c9e                HAL_I2SEx_TxRxCpltCallback
 .text.HAL_I2SEx_FullDuplex_IRQHandler
                0x0000000008005ca0      0x248 Drivers/STM32F4xx_HAL_Driver/Src/stm32f4xx_hal_i2s_ex.o
                0x0000000008005ca0                HAL_I2SEx_FullDuplex_IRQHandler
 .text.HAL_RCC_OscConfig
                0x0000000008005ee8      0x34c Drivers/STM32F4xx_HAL_Driver/Src/stm32f4xx_hal_rcc.o
                0x0000000008005ee8                HAL_RCC_OscConfig
 .text.HAL_RCC_GetSysClockFreq
                0x0000000008006234       0x5c Drivers/STM32F4xx_HAL_Driver/Src/stm32f4xx_hal_rcc.o
                0x0000000008006234                HAL_RCC_GetSysClockFreq
 .text.HAL_RCC_ClockConfig
                0x0000000008006290      0x134 Drivers/STM32F4xx_HAL_Driver/Src/stm32f4xx_hal_rcc.o
                0x0000000008006290                HAL_RCC_ClockConfig
 .text.HAL_RCC_GetPCLK1Freq
                0x00000000080063c4       0x20 Drivers/STM32F4xx_HAL_Driver/Src/stm32f4xx_hal_rcc.o
                0x00000000080063c4                HAL_RCC_GetPCLK1Freq
 .text.HAL_RCC_GetPCLK2Freq
                0x00000000080063e4       0x20 Drivers/STM32F4xx_HAL_Driver/Src/stm32f4xx_hal_rcc.o
                0x00000000080063e4                HAL_RCC_GetPCLK2Freq
 .text.HAL_RCCEx_PeriphCLKConfig
                0x0000000008006404      0x130 Drivers/STM32F4xx_HAL_Driver/Src/stm32f4xx_hal_rcc_ex.o
                0x0000000008006404                HAL_RCCEx_PeriphCLKConfig
 .text.HAL_RCCEx_GetPeriphCLKFreq
                0x0000000008006534       0x5c Drivers/STM32F4xx_HAL_Driver/Src/stm32f4xx_hal_rcc_ex.o
                0x0000000008006534                HAL_RCCEx_GetPeriphCLKFreq
 .text.HAL_RNG_Init
                0x0000000008006590       0x30 Drivers/STM32F4xx_HAL_Driver/Src/stm32f4xx_hal_rng.o
                0x0000000008006590                HAL_RNG_Init
 .text.SPI_WaitFlagStateUntilTimeout.constprop.7
                0x00000000080065c0       0x76 Drivers/STM32F4xx_HAL_Driver/Src/stm32f4xx_hal_spi.o
 *fill*         0x0000000008006636        0x2 
 .text.SPI_EndRxTxTransaction
                0x0000000008006638       0x58 Drivers/STM32F4xx_HAL_Driver/Src/stm32f4xx_hal_spi.o
 .text.HAL_SPI_Init
                0x0000000008006690       0x7a Drivers/STM32F4xx_HAL_Driver/Src/stm32f4xx_hal_spi.o
                0x0000000008006690                HAL_SPI_Init
 .text.HAL_SPI_Transmit
                0x000000000800670a      0x150 Drivers/STM32F4xx_HAL_Driver/Src/stm32f4xx_hal_spi.o
                0x000000000800670a                HAL_SPI_Transmit
 .text.HAL_TIM_Encoder_Start
                0x000000000800685a       0x44 Drivers/STM32F4xx_HAL_Driver/Src/stm32f4xx_hal_tim.o
                0x000000000800685a                HAL_TIM_Encoder_Start
 *fill*         0x000000000800689e        0x2 
 .text.TIM_Base_SetConfig
                0x00000000080068a0       0xcc Drivers/STM32F4xx_HAL_Driver/Src/stm32f4xx_hal_tim.o
                0x00000000080068a0                TIM_Base_SetConfig
 .text.HAL_TIM_Encoder_Init
                0x000000000800696c       0x96 Drivers/STM32F4xx_HAL_Driver/Src/stm32f4xx_hal_tim.o
                0x000000000800696c                HAL_TIM_Encoder_Init
 *fill*         0x0000000008006a02        0x2 
 .text.HAL_TIMEx_MasterConfigSynchronization
                0x0000000008006a04       0x84 Drivers/STM32F4xx_HAL_Driver/Src/stm32f4xx_hal_tim_ex.o
                0x0000000008006a04                HAL_TIMEx_MasterConfigSynchronization
 .text.UART_SetConfig
                0x0000000008006a88       0xe0 Drivers/STM32F4xx_HAL_Driver/Src/stm32f4xx_hal_uart.o
 .text.HAL_UART_Init
                0x0000000008006b68       0x5c Drivers/STM32F4xx_HAL_Driver/Src/stm32f4xx_hal_uart.o
                0x0000000008006b68                HAL_UART_Init
 .text.floorf   0x0000000008006bc4       0x84 /Applications/STM32CubeIDE.app/Contents/Eclipse/plugins/com.st.stm32cube.ide.mcu.externaltools.gnu-tools-for-stm32.7-2018-q2-update.macos64_1.5.0.202011040924/tools/bin/../lib/gcc/arm-none-eabi/7.3.1/../../../../arm-none-eabi/lib/thumb/v7e-m/fpv4-sp/hard/libm.a(lib_a-sf_floor.o)
                0x0000000008006bc4                floorf
 .text.lrintf   0x0000000008006c48       0x80 /Applications/STM32CubeIDE.app/Contents/Eclipse/plugins/com.st.stm32cube.ide.mcu.externaltools.gnu-tools-for-stm32.7-2018-q2-update.macos64_1.5.0.202011040924/tools/bin/../lib/gcc/arm-none-eabi/7.3.1/../../../../arm-none-eabi/lib/thumb/v7e-m/fpv4-sp/hard/libm.a(lib_a-sf_lrint.o)
                0x0000000008006c48                lrintf
 .text.rintf    0x0000000008006cc8       0xb4 /Applications/STM32CubeIDE.app/Contents/Eclipse/plugins/com.st.stm32cube.ide.mcu.externaltools.gnu-tools-for-stm32.7-2018-q2-update.macos64_1.5.0.202011040924/tools/bin/../lib/gcc/arm-none-eabi/7.3.1/../../../../arm-none-eabi/lib/thumb/v7e-m/fpv4-sp/hard/libm.a(lib_a-sf_rint.o)
                0x0000000008006cc8                rintf
 .text.sinf     0x0000000008006d7c       0x84 /Applications/STM32CubeIDE.app/Contents/Eclipse/plugins/com.st.stm32cube.ide.mcu.externaltools.gnu-tools-for-stm32.7-2018-q2-update.macos64_1.5.0.202011040924/tools/bin/../lib/gcc/arm-none-eabi/7.3.1/../../../../arm-none-eabi/lib/thumb/v7e-m/fpv4-sp/hard/libm.a(lib_a-sf_sin.o)
                0x0000000008006d7c                sinf
 .text.powf     0x0000000008006e00      0x2c8 /Applications/STM32CubeIDE.app/Contents/Eclipse/plugins/com.st.stm32cube.ide.mcu.externaltools.gnu-tools-for-stm32.7-2018-q2-update.macos64_1.5.0.202011040924/tools/bin/../lib/gcc/arm-none-eabi/7.3.1/../../../../arm-none-eabi/lib/thumb/v7e-m/fpv4-sp/hard/libm.a(lib_a-wf_pow.o)
                0x0000000008006e00                powf
 .text.__ieee754_powf
                0x00000000080070c8      0x580 /Applications/STM32CubeIDE.app/Contents/Eclipse/plugins/com.st.stm32cube.ide.mcu.externaltools.gnu-tools-for-stm32.7-2018-q2-update.macos64_1.5.0.202011040924/tools/bin/../lib/gcc/arm-none-eabi/7.3.1/../../../../arm-none-eabi/lib/thumb/v7e-m/fpv4-sp/hard/libm.a(lib_a-ef_pow.o)
                0x00000000080070c8                __ieee754_powf
 .text.__ieee754_rem_pio2f
                0x0000000008007648      0x258 /Applications/STM32CubeIDE.app/Contents/Eclipse/plugins/com.st.stm32cube.ide.mcu.externaltools.gnu-tools-for-stm32.7-2018-q2-update.macos64_1.5.0.202011040924/tools/bin/../lib/gcc/arm-none-eabi/7.3.1/../../../../arm-none-eabi/lib/thumb/v7e-m/fpv4-sp/hard/libm.a(lib_a-ef_rem_pio2.o)
                0x0000000008007648                __ieee754_rem_pio2f
 .text.__ieee754_sqrtf
                0x00000000080078a0        0x6 /Applications/STM32CubeIDE.app/Contents/Eclipse/plugins/com.st.stm32cube.ide.mcu.externaltools.gnu-tools-for-stm32.7-2018-q2-update.macos64_1.5.0.202011040924/tools/bin/../lib/gcc/arm-none-eabi/7.3.1/../../../../arm-none-eabi/lib/thumb/v7e-m/fpv4-sp/hard/libm.a(lib_a-ef_sqrt.o)
                0x00000000080078a0                __ieee754_sqrtf
 *fill*         0x00000000080078a6        0x2 
 .text.__kernel_cosf
                0x00000000080078a8       0xbc /Applications/STM32CubeIDE.app/Contents/Eclipse/plugins/com.st.stm32cube.ide.mcu.externaltools.gnu-tools-for-stm32.7-2018-q2-update.macos64_1.5.0.202011040924/tools/bin/../lib/gcc/arm-none-eabi/7.3.1/../../../../arm-none-eabi/lib/thumb/v7e-m/fpv4-sp/hard/libm.a(lib_a-kf_cos.o)
                0x00000000080078a8                __kernel_cosf
 .text.__kernel_rem_pio2f
                0x0000000008007964      0x504 /Applications/STM32CubeIDE.app/Contents/Eclipse/plugins/com.st.stm32cube.ide.mcu.externaltools.gnu-tools-for-stm32.7-2018-q2-update.macos64_1.5.0.202011040924/tools/bin/../lib/gcc/arm-none-eabi/7.3.1/../../../../arm-none-eabi/lib/thumb/v7e-m/fpv4-sp/hard/libm.a(lib_a-kf_rem_pio2.o)
                0x0000000008007964                __kernel_rem_pio2f
 .text.__kernel_sinf
                0x0000000008007e68       0x90 /Applications/STM32CubeIDE.app/Contents/Eclipse/plugins/com.st.stm32cube.ide.mcu.externaltools.gnu-tools-for-stm32.7-2018-q2-update.macos64_1.5.0.202011040924/tools/bin/../lib/gcc/arm-none-eabi/7.3.1/../../../../arm-none-eabi/lib/thumb/v7e-m/fpv4-sp/hard/libm.a(lib_a-kf_sin.o)
                0x0000000008007e68                __kernel_sinf
 .text.matherr  0x0000000008007ef8        0x4 /Applications/STM32CubeIDE.app/Contents/Eclipse/plugins/com.st.stm32cube.ide.mcu.externaltools.gnu-tools-for-stm32.7-2018-q2-update.macos64_1.5.0.202011040924/tools/bin/../lib/gcc/arm-none-eabi/7.3.1/../../../../arm-none-eabi/lib/thumb/v7e-m/fpv4-sp/hard/libm.a(lib_a-s_matherr.o)
                0x0000000008007ef8                matherr
 .text.fabsf    0x0000000008007efc        0xe /Applications/STM32CubeIDE.app/Contents/Eclipse/plugins/com.st.stm32cube.ide.mcu.externaltools.gnu-tools-for-stm32.7-2018-q2-update.macos64_1.5.0.202011040924/tools/bin/../lib/gcc/arm-none-eabi/7.3.1/../../../../arm-none-eabi/lib/thumb/v7e-m/fpv4-sp/hard/libm.a(lib_a-sf_fabs.o)
                0x0000000008007efc                fabsf
 .text.finitef  0x0000000008007f0a       0x14 /Applications/STM32CubeIDE.app/Contents/Eclipse/plugins/com.st.stm32cube.ide.mcu.externaltools.gnu-tools-for-stm32.7-2018-q2-update.macos64_1.5.0.202011040924/tools/bin/../lib/gcc/arm-none-eabi/7.3.1/../../../../arm-none-eabi/lib/thumb/v7e-m/fpv4-sp/hard/libm.a(lib_a-sf_finite.o)
                0x0000000008007f0a                finitef
 *fill*         0x0000000008007f1e        0x2 
 .text.nanf     0x0000000008007f20        0xc /Applications/STM32CubeIDE.app/Contents/Eclipse/plugins/com.st.stm32cube.ide.mcu.externaltools.gnu-tools-for-stm32.7-2018-q2-update.macos64_1.5.0.202011040924/tools/bin/../lib/gcc/arm-none-eabi/7.3.1/../../../../arm-none-eabi/lib/thumb/v7e-m/fpv4-sp/hard/libm.a(lib_a-sf_nan.o)
                0x0000000008007f20                nanf
 .text.scalbnf  0x0000000008007f2c       0xc0 /Applications/STM32CubeIDE.app/Contents/Eclipse/plugins/com.st.stm32cube.ide.mcu.externaltools.gnu-tools-for-stm32.7-2018-q2-update.macos64_1.5.0.202011040924/tools/bin/../lib/gcc/arm-none-eabi/7.3.1/../../../../arm-none-eabi/lib/thumb/v7e-m/fpv4-sp/hard/libm.a(lib_a-sf_scalbn.o)
                0x0000000008007f2c                scalbnf
 .text.copysignf
                0x0000000008007fec       0x18 /Applications/STM32CubeIDE.app/Contents/Eclipse/plugins/com.st.stm32cube.ide.mcu.externaltools.gnu-tools-for-stm32.7-2018-q2-update.macos64_1.5.0.202011040924/tools/bin/../lib/gcc/arm-none-eabi/7.3.1/../../../../arm-none-eabi/lib/thumb/v7e-m/fpv4-sp/hard/libm.a(lib_a-sf_copysign.o)
                0x0000000008007fec                copysignf
 .text.__errno  0x0000000008008004        0xc /Applications/STM32CubeIDE.app/Contents/Eclipse/plugins/com.st.stm32cube.ide.mcu.externaltools.gnu-tools-for-stm32.7-2018-q2-update.macos64_1.5.0.202011040924/tools/bin/../lib/gcc/arm-none-eabi/7.3.1/../../../../arm-none-eabi/lib/thumb/v7e-m/fpv4-sp/hard/libc_nano.a(lib_a-errno.o)
                0x0000000008008004                __errno
 .text.__libc_init_array
                0x0000000008008010       0x48 /Applications/STM32CubeIDE.app/Contents/Eclipse/plugins/com.st.stm32cube.ide.mcu.externaltools.gnu-tools-for-stm32.7-2018-q2-update.macos64_1.5.0.202011040924/tools/bin/../lib/gcc/arm-none-eabi/7.3.1/../../../../arm-none-eabi/lib/thumb/v7e-m/fpv4-sp/hard/libc_nano.a(lib_a-init.o)
                0x0000000008008010                __libc_init_array
 .text.memcpy   0x0000000008008058       0x16 /Applications/STM32CubeIDE.app/Contents/Eclipse/plugins/com.st.stm32cube.ide.mcu.externaltools.gnu-tools-for-stm32.7-2018-q2-update.macos64_1.5.0.202011040924/tools/bin/../lib/gcc/arm-none-eabi/7.3.1/../../../../arm-none-eabi/lib/thumb/v7e-m/fpv4-sp/hard/libc_nano.a(lib_a-memcpy-stub.o)
                0x0000000008008058                memcpy
 .text.memset   0x000000000800806e       0x10 /Applications/STM32CubeIDE.app/Contents/Eclipse/plugins/com.st.stm32cube.ide.mcu.externaltools.gnu-tools-for-stm32.7-2018-q2-update.macos64_1.5.0.202011040924/tools/bin/../lib/gcc/arm-none-eabi/7.3.1/../../../../arm-none-eabi/lib/thumb/v7e-m/fpv4-sp/hard/libc_nano.a(lib_a-memset.o)
                0x000000000800806e                memset
 *fill*         0x000000000800807e        0x2 
 .text.rand     0x0000000008008080       0x68 /Applications/STM32CubeIDE.app/Contents/Eclipse/plugins/com.st.stm32cube.ide.mcu.externaltools.gnu-tools-for-stm32.7-2018-q2-update.macos64_1.5.0.202011040924/tools/bin/../lib/gcc/arm-none-eabi/7.3.1/../../../../arm-none-eabi/lib/thumb/v7e-m/fpv4-sp/hard/libc_nano.a(lib_a-rand.o)
                0x0000000008008080                rand
 .text.malloc   0x00000000080080e8       0x10 /Applications/STM32CubeIDE.app/Contents/Eclipse/plugins/com.st.stm32cube.ide.mcu.externaltools.gnu-tools-for-stm32.7-2018-q2-update.macos64_1.5.0.202011040924/tools/bin/../lib/gcc/arm-none-eabi/7.3.1/../../../../arm-none-eabi/lib/thumb/v7e-m/fpv4-sp/hard/libc_nano.a(lib_a-malloc.o)
                0x00000000080080e8                malloc
 .text._malloc_r
                0x00000000080080f8       0xb4 /Applications/STM32CubeIDE.app/Contents/Eclipse/plugins/com.st.stm32cube.ide.mcu.externaltools.gnu-tools-for-stm32.7-2018-q2-update.macos64_1.5.0.202011040924/tools/bin/../lib/gcc/arm-none-eabi/7.3.1/../../../../arm-none-eabi/lib/thumb/v7e-m/fpv4-sp/hard/libc_nano.a(lib_a-nano-mallocr.o)
                0x00000000080080f8                _malloc_r
 .text._sbrk_r  0x00000000080081ac       0x20 /Applications/STM32CubeIDE.app/Contents/Eclipse/plugins/com.st.stm32cube.ide.mcu.externaltools.gnu-tools-for-stm32.7-2018-q2-update.macos64_1.5.0.202011040924/tools/bin/../lib/gcc/arm-none-eabi/7.3.1/../../../../arm-none-eabi/lib/thumb/v7e-m/fpv4-sp/hard/libc_nano.a(lib_a-sbrkr.o)
                0x00000000080081ac                _sbrk_r
 .text.__malloc_lock
                0x00000000080081cc        0x2 /Applications/STM32CubeIDE.app/Contents/Eclipse/plugins/com.st.stm32cube.ide.mcu.externaltools.gnu-tools-for-stm32.7-2018-q2-update.macos64_1.5.0.202011040924/tools/bin/../lib/gcc/arm-none-eabi/7.3.1/../../../../arm-none-eabi/lib/thumb/v7e-m/fpv4-sp/hard/libc_nano.a(lib_a-mlock.o)
                0x00000000080081cc                __malloc_lock
 .text.__malloc_unlock
                0x00000000080081ce        0x2 /Applications/STM32CubeIDE.app/Contents/Eclipse/plugins/com.st.stm32cube.ide.mcu.externaltools.gnu-tools-for-stm32.7-2018-q2-update.macos64_1.5.0.202011040924/tools/bin/../lib/gcc/arm-none-eabi/7.3.1/../../../../arm-none-eabi/lib/thumb/v7e-m/fpv4-sp/hard/libc_nano.a(lib_a-mlock.o)
                0x00000000080081ce                __malloc_unlock
 *(.glue_7)
 .glue_7        0x00000000080081d0        0x0 linker stubs
 *(.glue_7t)
 .glue_7t       0x00000000080081d0        0x0 linker stubs
 *(.eh_frame)
 .eh_frame      0x00000000080081d0        0x0 /Applications/STM32CubeIDE.app/Contents/Eclipse/plugins/com.st.stm32cube.ide.mcu.externaltools.gnu-tools-for-stm32.7-2018-q2-update.macos64_1.5.0.202011040924/tools/bin/../lib/gcc/arm-none-eabi/7.3.1/thumb/v7e-m/fpv4-sp/hard/crtbegin.o
 *(.init)
 .init          0x00000000080081d0        0x4 /Applications/STM32CubeIDE.app/Contents/Eclipse/plugins/com.st.stm32cube.ide.mcu.externaltools.gnu-tools-for-stm32.7-2018-q2-update.macos64_1.5.0.202011040924/tools/bin/../lib/gcc/arm-none-eabi/7.3.1/thumb/v7e-m/fpv4-sp/hard/crti.o
                0x00000000080081d0                _init
 .init          0x00000000080081d4        0x8 /Applications/STM32CubeIDE.app/Contents/Eclipse/plugins/com.st.stm32cube.ide.mcu.externaltools.gnu-tools-for-stm32.7-2018-q2-update.macos64_1.5.0.202011040924/tools/bin/../lib/gcc/arm-none-eabi/7.3.1/thumb/v7e-m/fpv4-sp/hard/crtn.o
 *(.fini)
 .fini          0x00000000080081dc        0x4 /Applications/STM32CubeIDE.app/Contents/Eclipse/plugins/com.st.stm32cube.ide.mcu.externaltools.gnu-tools-for-stm32.7-2018-q2-update.macos64_1.5.0.202011040924/tools/bin/../lib/gcc/arm-none-eabi/7.3.1/thumb/v7e-m/fpv4-sp/hard/crti.o
                0x00000000080081dc                _fini
 .fini          0x00000000080081e0        0x8 /Applications/STM32CubeIDE.app/Contents/Eclipse/plugins/com.st.stm32cube.ide.mcu.externaltools.gnu-tools-for-stm32.7-2018-q2-update.macos64_1.5.0.202011040924/tools/bin/../lib/gcc/arm-none-eabi/7.3.1/thumb/v7e-m/fpv4-sp/hard/crtn.o
                0x00000000080081e8                . = ALIGN (0x4)
                0x00000000080081e8                _etext = .

.vfp11_veneer   0x00000000080081e8        0x0
 .vfp11_veneer  0x00000000080081e8        0x0 linker stubs

.v4_bx          0x00000000080081e8        0x0
 .v4_bx         0x00000000080081e8        0x0 linker stubs

.iplt           0x00000000080081e8        0x0
 .iplt          0x00000000080081e8        0x0 /Applications/STM32CubeIDE.app/Contents/Eclipse/plugins/com.st.stm32cube.ide.mcu.externaltools.gnu-tools-for-stm32.7-2018-q2-update.macos64_1.5.0.202011040924/tools/bin/../lib/gcc/arm-none-eabi/7.3.1/thumb/v7e-m/fpv4-sp/hard/crtbegin.o

.rodata         0x00000000080081e8     0xf024
                0x00000000080081e8                . = ALIGN (0x4)
 *(.rodata)
 *(.rodata*)
 .rodata._ZL5ASCII
                0x00000000080081e8      0x240 App/src/LCD.o
 .rodata._ZN10MenuSystem8MainMenuEv.str1.4
                0x0000000008008428       0x78 App/src/menu.o
                                         0x77 (size before relaxing)
 .rodata.slope_dd_table
                0x00000000080084a0     0x4704 Core/Src/minblep_tables.o
                0x00000000080084a0                slope_dd_table
 .rodata.step_dd_table
                0x000000000800cba4     0x9008 Core/Src/minblep_tables.o
                0x000000000800cba4                step_dd_table
 .rodata.MIDIscale01
                0x0000000008015bac        0x6 Core/Src/notesTables.o
                0x0000000008015bac                MIDIscale01
 .rodata.MIDIscale02
                0x0000000008015bb2        0x7 Core/Src/notesTables.o
                0x0000000008015bb2                MIDIscale02
 .rodata.MIDIscale03
                0x0000000008015bb9        0x7 Core/Src/notesTables.o
                0x0000000008015bb9                MIDIscale03
 .rodata.MIDIscale04
                0x0000000008015bc0        0x5 Core/Src/notesTables.o
                0x0000000008015bc0                MIDIscale04
 .rodata.MIDIscale05
                0x0000000008015bc5        0x7 Core/Src/notesTables.o
                0x0000000008015bc5                MIDIscale05
 .rodata.MIDIscale06
                0x0000000008015bcc        0x8 Core/Src/notesTables.o
                0x0000000008015bcc                MIDIscale06
 .rodata.MIDIscale07
                0x0000000008015bd4        0x3 Core/Src/notesTables.o
                0x0000000008015bd4                MIDIscale07
 .rodata.MIDIscale08
                0x0000000008015bd7        0x3 Core/Src/notesTables.o
                0x0000000008015bd7                MIDIscale08
 .rodata.MIDIscale09
                0x0000000008015bda        0x4 Core/Src/notesTables.o
                0x0000000008015bda                MIDIscale09
 .rodata.MIDIscale10
                0x0000000008015bde        0x5 Core/Src/notesTables.o
                0x0000000008015bde                MIDIscale10
 .rodata.MIDIscale11
                0x0000000008015be3        0x8 Core/Src/notesTables.o
                0x0000000008015be3                MIDIscale11
 .rodata.MIDIscale12
                0x0000000008015beb        0xd Core/Src/notesTables.o
                0x0000000008015beb                MIDIscale12
 .rodata.MIDIscale13
                0x0000000008015bf8        0x2 Core/Src/notesTables.o
                0x0000000008015bf8                MIDIscale13
 .rodata.MIDIscale14
                0x0000000008015bfa        0x3 Core/Src/notesTables.o
                0x0000000008015bfa                MIDIscale14
 *fill*         0x0000000008015bfd        0x3 
 .rodata.notesFreq
                0x0000000008015c00      0x1ac Core/Src/notesTables.o
                0x0000000008015c00                notesFreq
 .rodata.CSWTCH.14
                0x0000000008015dac       0x3c Core/Src/sequencer.o
 .rodata.sinetable
                0x0000000008015de8     0x1004 Core/Src/sinetable.o
                0x0000000008015de8                sinetable
 .rodata.AHBPrescTable
                0x0000000008016dec       0x10 Core/Src/system_stm32f4xx.o
                0x0000000008016dec                AHBPrescTable
 .rodata.APBPrescTable
                0x0000000008016dfc        0x8 Core/Src/system_stm32f4xx.o
                0x0000000008016dfc                APBPrescTable
 .rodata.flagBitshiftOffset.8563
                0x0000000008016e04        0x8 Drivers/STM32F4xx_HAL_Driver/Src/stm32f4xx_hal_dma.o
 .rodata.TWO23  0x0000000008016e0c        0x8 /Applications/STM32CubeIDE.app/Contents/Eclipse/plugins/com.st.stm32cube.ide.mcu.externaltools.gnu-tools-for-stm32.7-2018-q2-update.macos64_1.5.0.202011040924/tools/bin/../lib/gcc/arm-none-eabi/7.3.1/../../../../arm-none-eabi/lib/thumb/v7e-m/fpv4-sp/hard/libm.a(lib_a-sf_lrint.o)
 .rodata.TWO23  0x0000000008016e14        0x8 /Applications/STM32CubeIDE.app/Contents/Eclipse/plugins/com.st.stm32cube.ide.mcu.externaltools.gnu-tools-for-stm32.7-2018-q2-update.macos64_1.5.0.202011040924/tools/bin/../lib/gcc/arm-none-eabi/7.3.1/../../../../arm-none-eabi/lib/thumb/v7e-m/fpv4-sp/hard/libm.a(lib_a-sf_rint.o)
 .rodata.powf.str1.1
                0x0000000008016e1c        0x5 /Applications/STM32CubeIDE.app/Contents/Eclipse/plugins/com.st.stm32cube.ide.mcu.externaltools.gnu-tools-for-stm32.7-2018-q2-update.macos64_1.5.0.202011040924/tools/bin/../lib/gcc/arm-none-eabi/7.3.1/../../../../arm-none-eabi/lib/thumb/v7e-m/fpv4-sp/hard/libm.a(lib_a-wf_pow.o)
 .rodata.__ieee754_powf.str1.1
                0x0000000008016e21        0x5 /Applications/STM32CubeIDE.app/Contents/Eclipse/plugins/com.st.stm32cube.ide.mcu.externaltools.gnu-tools-for-stm32.7-2018-q2-update.macos64_1.5.0.202011040924/tools/bin/../lib/gcc/arm-none-eabi/7.3.1/../../../../arm-none-eabi/lib/thumb/v7e-m/fpv4-sp/hard/libm.a(lib_a-ef_pow.o)
                                          0x1 (size before relaxing)
 *fill*         0x0000000008016e21        0x3 
 .rodata.bp     0x0000000008016e24        0x8 /Applications/STM32CubeIDE.app/Contents/Eclipse/plugins/com.st.stm32cube.ide.mcu.externaltools.gnu-tools-for-stm32.7-2018-q2-update.macos64_1.5.0.202011040924/tools/bin/../lib/gcc/arm-none-eabi/7.3.1/../../../../arm-none-eabi/lib/thumb/v7e-m/fpv4-sp/hard/libm.a(lib_a-ef_pow.o)
 .rodata.dp_h   0x0000000008016e2c        0x8 /Applications/STM32CubeIDE.app/Contents/Eclipse/plugins/com.st.stm32cube.ide.mcu.externaltools.gnu-tools-for-stm32.7-2018-q2-update.macos64_1.5.0.202011040924/tools/bin/../lib/gcc/arm-none-eabi/7.3.1/../../../../arm-none-eabi/lib/thumb/v7e-m/fpv4-sp/hard/libm.a(lib_a-ef_pow.o)
 .rodata.dp_l   0x0000000008016e34        0x8 /Applications/STM32CubeIDE.app/Contents/Eclipse/plugins/com.st.stm32cube.ide.mcu.externaltools.gnu-tools-for-stm32.7-2018-q2-update.macos64_1.5.0.202011040924/tools/bin/../lib/gcc/arm-none-eabi/7.3.1/../../../../arm-none-eabi/lib/thumb/v7e-m/fpv4-sp/hard/libm.a(lib_a-ef_pow.o)
 .rodata.npio2_hw
                0x0000000008016e3c       0x80 /Applications/STM32CubeIDE.app/Contents/Eclipse/plugins/com.st.stm32cube.ide.mcu.externaltools.gnu-tools-for-stm32.7-2018-q2-update.macos64_1.5.0.202011040924/tools/bin/../lib/gcc/arm-none-eabi/7.3.1/../../../../arm-none-eabi/lib/thumb/v7e-m/fpv4-sp/hard/libm.a(lib_a-ef_rem_pio2.o)
 .rodata.two_over_pi
                0x0000000008016ebc      0x318 /Applications/STM32CubeIDE.app/Contents/Eclipse/plugins/com.st.stm32cube.ide.mcu.externaltools.gnu-tools-for-stm32.7-2018-q2-update.macos64_1.5.0.202011040924/tools/bin/../lib/gcc/arm-none-eabi/7.3.1/../../../../arm-none-eabi/lib/thumb/v7e-m/fpv4-sp/hard/libm.a(lib_a-ef_rem_pio2.o)
 .rodata.PIo2   0x00000000080171d4       0x2c /Applications/STM32CubeIDE.app/Contents/Eclipse/plugins/com.st.stm32cube.ide.mcu.externaltools.gnu-tools-for-stm32.7-2018-q2-update.macos64_1.5.0.202011040924/tools/bin/../lib/gcc/arm-none-eabi/7.3.1/../../../../arm-none-eabi/lib/thumb/v7e-m/fpv4-sp/hard/libm.a(lib_a-kf_rem_pio2.o)
 .rodata.init_jk
                0x0000000008017200        0xc /Applications/STM32CubeIDE.app/Contents/Eclipse/plugins/com.st.stm32cube.ide.mcu.externaltools.gnu-tools-for-stm32.7-2018-q2-update.macos64_1.5.0.202011040924/tools/bin/../lib/gcc/arm-none-eabi/7.3.1/../../../../arm-none-eabi/lib/thumb/v7e-m/fpv4-sp/hard/libm.a(lib_a-kf_rem_pio2.o)
                0x000000000801720c                . = ALIGN (0x4)

.ARM.extab      0x000000000801720c        0x0
                0x000000000801720c                . = ALIGN (0x4)
 *(.ARM.extab* .gnu.linkonce.armextab.*)
                0x000000000801720c                . = ALIGN (0x4)

.ARM            0x000000000801720c        0x8
                0x000000000801720c                . = ALIGN (0x4)
                0x000000000801720c                __exidx_start = .
 *(.ARM.exidx*)
 .ARM.exidx     0x000000000801720c        0x8 /Applications/STM32CubeIDE.app/Contents/Eclipse/plugins/com.st.stm32cube.ide.mcu.externaltools.gnu-tools-for-stm32.7-2018-q2-update.macos64_1.5.0.202011040924/tools/bin/../lib/gcc/arm-none-eabi/7.3.1/thumb/v7e-m/fpv4-sp/hard/libgcc.a(_udivmoddi4.o)
                0x0000000008017214                __exidx_end = .
                0x0000000008017214                . = ALIGN (0x4)

.rel.dyn        0x0000000008017214        0x0
 .rel.iplt      0x0000000008017214        0x0 /Applications/STM32CubeIDE.app/Contents/Eclipse/plugins/com.st.stm32cube.ide.mcu.externaltools.gnu-tools-for-stm32.7-2018-q2-update.macos64_1.5.0.202011040924/tools/bin/../lib/gcc/arm-none-eabi/7.3.1/thumb/v7e-m/fpv4-sp/hard/crtbegin.o

.preinit_array  0x0000000008017214        0x0
                0x0000000008017214                . = ALIGN (0x4)
                0x0000000008017214                PROVIDE (__preinit_array_start = .)
 *(.preinit_array*)
                0x0000000008017214                PROVIDE (__preinit_array_end = .)
                0x0000000008017214                . = ALIGN (0x4)

.init_array     0x0000000008017214        0x4
                0x0000000008017214                . = ALIGN (0x4)
                0x0000000008017214                PROVIDE (__init_array_start = .)
 *(SORT_BY_NAME(.init_array.*))
 *(.init_array*)
 .init_array    0x0000000008017214        0x4 /Applications/STM32CubeIDE.app/Contents/Eclipse/plugins/com.st.stm32cube.ide.mcu.externaltools.gnu-tools-for-stm32.7-2018-q2-update.macos64_1.5.0.202011040924/tools/bin/../lib/gcc/arm-none-eabi/7.3.1/thumb/v7e-m/fpv4-sp/hard/crtbegin.o
                0x0000000008017218                PROVIDE (__init_array_end = .)
                0x0000000008017218                . = ALIGN (0x4)

.fini_array     0x0000000008017218        0x4
                0x0000000008017218                . = ALIGN (0x4)
                [!provide]                        PROVIDE (__fini_array_start = .)
 *(SORT_BY_NAME(.fini_array.*))
 *(.fini_array*)
 .fini_array    0x0000000008017218        0x4 /Applications/STM32CubeIDE.app/Contents/Eclipse/plugins/com.st.stm32cube.ide.mcu.externaltools.gnu-tools-for-stm32.7-2018-q2-update.macos64_1.5.0.202011040924/tools/bin/../lib/gcc/arm-none-eabi/7.3.1/thumb/v7e-m/fpv4-sp/hard/crtbegin.o
                [!provide]                        PROVIDE (__fini_array_end = .)
                0x000000000801721c                . = ALIGN (0x4)
                0x000000000801721c                _sidata = LOADADDR (.data)

.data           0x0000000020000000       0xfc load address 0x000000000801721c
                0x0000000020000000                . = ALIGN (0x4)
                0x0000000020000000                _sdata = .
 *(.data)
 *(.data*)
 .data.currentNote
                0x0000000020000000        0x1 Core/Src/PS_application.o
                0x0000000020000000                currentNote
 *fill*         0x0000000020000001        0x3 
 .data.fdb      0x0000000020000004        0x4 Core/Src/delay.o
 .data.wet      0x0000000020000008        0x4 Core/Src/delay.o
 .data.demoMode
                0x000000002000000c        0x1 Core/Src/main.o
                0x000000002000000c                demoMode
 *fill*         0x000000002000000d        0x3 
 .data.centralFreq
                0x0000000020000010        0x4 Core/Src/oscillators.o
 .data.SystemCoreClock
                0x0000000020000014        0x4 Core/Src/system_stm32f4xx.o
                0x0000000020000014                SystemCoreClock
 .data.WM8978_HP_Volume
                0x0000000020000018        0x1 Core/Src/wm8978.o
                0x0000000020000018                WM8978_HP_Volume
 *fill*         0x0000000020000019        0x1 
 .data.WM8978_REGVAL
                0x000000002000001a       0x74 Core/Src/wm8978.o
 .data.WM8978_SPK_Volume
                0x000000002000008e        0x1 Core/Src/wm8978.o
                0x000000002000008e                WM8978_SPK_Volume
 .data.uwTickFreq
                0x000000002000008f        0x1 Drivers/STM32F4xx_HAL_Driver/Src/stm32f4xx_hal.o
                0x000000002000008f                uwTickFreq
 .data.uwTickPrio
                0x0000000020000090        0x4 Drivers/STM32F4xx_HAL_Driver/Src/stm32f4xx_hal.o
                0x0000000020000090                uwTickPrio
 .data.__fdlib_version
                0x0000000020000094        0x1 /Applications/STM32CubeIDE.app/Contents/Eclipse/plugins/com.st.stm32cube.ide.mcu.externaltools.gnu-tools-for-stm32.7-2018-q2-update.macos64_1.5.0.202011040924/tools/bin/../lib/gcc/arm-none-eabi/7.3.1/../../../../arm-none-eabi/lib/thumb/v7e-m/fpv4-sp/hard/libm.a(lib_a-s_lib_ver.o)
                0x0000000020000094                __fdlib_version
 *fill*         0x0000000020000095        0x3 
 .data._impure_ptr
                0x0000000020000098        0x4 /Applications/STM32CubeIDE.app/Contents/Eclipse/plugins/com.st.stm32cube.ide.mcu.externaltools.gnu-tools-for-stm32.7-2018-q2-update.macos64_1.5.0.202011040924/tools/bin/../lib/gcc/arm-none-eabi/7.3.1/../../../../arm-none-eabi/lib/thumb/v7e-m/fpv4-sp/hard/libc_nano.a(lib_a-impure.o)
                0x0000000020000098                _impure_ptr
 .data.impure_data
                0x000000002000009c       0x60 /Applications/STM32CubeIDE.app/Contents/Eclipse/plugins/com.st.stm32cube.ide.mcu.externaltools.gnu-tools-for-stm32.7-2018-q2-update.macos64_1.5.0.202011040924/tools/bin/../lib/gcc/arm-none-eabi/7.3.1/../../../../arm-none-eabi/lib/thumb/v7e-m/fpv4-sp/hard/libc_nano.a(lib_a-impure.o)
                0x00000000200000fc                . = ALIGN (0x4)
                0x00000000200000fc                _edata = .

.igot.plt       0x00000000200000fc        0x0 load address 0x0000000008017318
 .igot.plt      0x00000000200000fc        0x0 /Applications/STM32CubeIDE.app/Contents/Eclipse/plugins/com.st.stm32cube.ide.mcu.externaltools.gnu-tools-for-stm32.7-2018-q2-update.macos64_1.5.0.202011040924/tools/bin/../lib/gcc/arm-none-eabi/7.3.1/thumb/v7e-m/fpv4-sp/hard/crtbegin.o

.ccmram         0x00000000200000fc     0x3ecc load address 0x0000000008017318
 .ccmram        0x00000000200000fc       0x28 Core/Src/adsr.o
                0x00000000200000fc                adsr
 .ccmram        0x0000000020000124     0x1000 Core/Src/blepvco.o
                0x0000000020000124                mbTriOsc
                0x000000002000067c                mbRectOsc
                0x0000000020000bd8                mbSawOsc
 .ccmram        0x0000000020001124     0x2c10 Core/Src/chorusFD.o
 .ccmram        0x0000000020003d34       0x84 Core/Src/drifter.o
                0x0000000020003d34                d3
                0x0000000020003d60                d2
                0x0000000020003d8c                d1
 .ccmram        0x0000000020003db8      0x158 Core/Src/oscillators.o
                0x0000000020003db8                op4
                0x0000000020003dd8                op3
                0x0000000020003df8                op2
                0x0000000020003e18                op1
                0x0000000020003e90                amp_lfo
                0x0000000020003eb0                filt2_lfo
                0x0000000020003ed0                filt_lfo
                0x0000000020003ef0                vibr_lfo
 .ccmram        0x0000000020003f10       0x40 Core/Src/resonantFilter.o
                0x0000000020003f10                SVFilter
                0x0000000020003f30                SVFilter2
 .ccmram        0x0000000020003f50       0x68 Core/Src/sequencer.o
                0x0000000020003f50                seq
                0x0000000020003fa4                noteGen
 .ccmram        0x0000000020003fb8       0x10 Core/Src/soundGen.o
                0x0000000020003fc8                . = ALIGN (0x4)

.bss            0x0000000020003fc8     0xfc8c load address 0x000000000801b1e4
                0x0000000020003fc8                _sbss = .
                0x0000000020003fc8                __bss_start__ = _sbss
 *(.bss)
 .bss           0x0000000020003fc8       0x1c /Applications/STM32CubeIDE.app/Contents/Eclipse/plugins/com.st.stm32cube.ide.mcu.externaltools.gnu-tools-for-stm32.7-2018-q2-update.macos64_1.5.0.202011040924/tools/bin/../lib/gcc/arm-none-eabi/7.3.1/thumb/v7e-m/fpv4-sp/hard/crtbegin.o
 *(.bss*)
 .bss.activeItem
                0x0000000020003fe4        0x4 App/src/menu.o
                0x0000000020003fe4                activeItem
 .bss.triggered
                0x0000000020003fe8        0x1 Core/Src/PS_application.o
                0x0000000020003fe8                triggered
 *fill*         0x0000000020003fe9        0x3 
 .bss.delayline
                0x0000000020003fec     0xea68 Core/Src/delay.o
 .bss.old_dy    0x0000000020012a54        0x4 Core/Src/delay.o
 .bss.readpos   0x0000000020012a58        0x4 Core/Src/delay.o
 .bss.shift     0x0000000020012a5c        0x4 Core/Src/delay.o
 .bss.writepos  0x0000000020012a60        0x4 Core/Src/delay.o
 .bss.freeze    0x0000000020012a64        0x1 Core/Src/main.o
                0x0000000020012a64                freeze
 .bss.sequencerIsOn
                0x0000000020012a65        0x1 Core/Src/main.o
                0x0000000020012a65                sequencerIsOn
 *fill*         0x0000000020012a66        0x2 
 .bss.a1        0x0000000020012a68        0x4 Core/Src/phaser.o
 .bss.dmax      0x0000000020012a6c        0x4 Core/Src/phaser.o
 .bss.dmin      0x0000000020012a70        0x4 Core/Src/phaser.o
 .bss.fb        0x0000000020012a74        0x4 Core/Src/phaser.o
 .bss.lfoInc    0x0000000020012a78        0x4 Core/Src/phaser.o
 .bss.lfoPhase  0x0000000020012a7c        0x4 Core/Src/phaser.o
 .bss.old       0x0000000020012a80       0x18 Core/Src/phaser.o
 .bss.wet       0x0000000020012a98        0x4 Core/Src/phaser.o
 .bss.zm1       0x0000000020012a9c        0x4 Core/Src/phaser.o
 .bss.__sbrk_heap_end
                0x0000000020012aa0        0x4 Core/Src/sysmem.o
 .bss.__malloc_free_list
                0x0000000020012aa4        0x4 /Applications/STM32CubeIDE.app/Contents/Eclipse/plugins/com.st.stm32cube.ide.mcu.externaltools.gnu-tools-for-stm32.7-2018-q2-update.macos64_1.5.0.202011040924/tools/bin/../lib/gcc/arm-none-eabi/7.3.1/../../../../arm-none-eabi/lib/thumb/v7e-m/fpv4-sp/hard/libc_nano.a(lib_a-nano-mallocr.o)
                0x0000000020012aa4                __malloc_free_list
 .bss.__malloc_sbrk_start
                0x0000000020012aa8        0x4 /Applications/STM32CubeIDE.app/Contents/Eclipse/plugins/com.st.stm32cube.ide.mcu.externaltools.gnu-tools-for-stm32.7-2018-q2-update.macos64_1.5.0.202011040924/tools/bin/../lib/gcc/arm-none-eabi/7.3.1/../../../../arm-none-eabi/lib/thumb/v7e-m/fpv4-sp/hard/libc_nano.a(lib_a-nano-mallocr.o)
                0x0000000020012aa8                __malloc_sbrk_start
 *(COMMON)
 COMMON         0x0000000020012aac        0x9 Core/Src/PS_application.o
                0x0000000020012aac                adcValArray
                0x0000000020012ab4                velocity
 *fill*         0x0000000020012ab5        0x1 
 COMMON         0x0000000020012ab6      0xfa0 Core/Src/audio_conf.o
                0x0000000020012ab6                audiobuff
 *fill*         0x0000000020013a56        0x2 
 COMMON         0x0000000020013a58        0x4 Core/Src/chorusFD.o
                0x0000000020013a58                rateCoeff
 COMMON         0x0000000020013a5c      0x1e4 Core/Src/main.o
                0x0000000020013a5c                hi2c2
                0x0000000020013ab0                hspi3
                0x0000000020013b08                huart1
                0x0000000020013b48                htim1
                0x0000000020013b88                hrng
                0x0000000020013b98                hdma_spi2_tx
                0x0000000020013bf8                hi2s2
 COMMON         0x0000000020013c40        0x8 Core/Src/resonantFilter.o
                0x0000000020013c40                filterFreq
                0x0000000020013c44                filterFreq2
 COMMON         0x0000000020013c48        0x3 Core/Src/stm32f4xx_it.o
                0x0000000020013c48                sw1aon
                0x0000000020013c49                sw1dir
                0x0000000020013c4a                sw1bon
 *fill*         0x0000000020013c4b        0x1 
 COMMON         0x0000000020013c4c        0x4 Drivers/STM32F4xx_HAL_Driver/Src/stm32f4xx_hal.o
                0x0000000020013c4c                uwTick
 COMMON         0x0000000020013c50        0x4 /Applications/STM32CubeIDE.app/Contents/Eclipse/plugins/com.st.stm32cube.ide.mcu.externaltools.gnu-tools-for-stm32.7-2018-q2-update.macos64_1.5.0.202011040924/tools/bin/../lib/gcc/arm-none-eabi/7.3.1/../../../../arm-none-eabi/lib/thumb/v7e-m/fpv4-sp/hard/libc_nano.a(lib_a-reent.o)
                0x0000000020013c50                errno
                0x0000000020013c54                . = ALIGN (0x4)
                0x0000000020013c54                _ebss = .
                0x0000000020013c54                __bss_end__ = _ebss

._user_heap_stack
                0x0000000020013c54      0x604 load address 0x000000000801b1e4
                0x0000000020013c58                . = ALIGN (0x8)
 *fill*         0x0000000020013c54        0x4 
                [!provide]                        PROVIDE (end = .)
                0x0000000020013c58                PROVIDE (_end = .)
                0x0000000020013e58                . = (. + _Min_Heap_Size)
 *fill*         0x0000000020013c58      0x200 
                0x0000000020014258                . = (. + _Min_Stack_Size)
 *fill*         0x0000000020013e58      0x400 
                0x0000000020014258                . = ALIGN (0x8)

/DISCARD/
 libc.a(*)
 libm.a(*)
 libgcc.a(*)

.ARM.attributes
                0x0000000000000000       0x30
 *(.ARM.attributes)
 .ARM.attributes
                0x0000000000000000       0x22 /Applications/STM32CubeIDE.app/Contents/Eclipse/plugins/com.st.stm32cube.ide.mcu.externaltools.gnu-tools-for-stm32.7-2018-q2-update.macos64_1.5.0.202011040924/tools/bin/../lib/gcc/arm-none-eabi/7.3.1/thumb/v7e-m/fpv4-sp/hard/crti.o
 .ARM.attributes
                0x0000000000000022       0x34 /Applications/STM32CubeIDE.app/Contents/Eclipse/plugins/com.st.stm32cube.ide.mcu.externaltools.gnu-tools-for-stm32.7-2018-q2-update.macos64_1.5.0.202011040924/tools/bin/../lib/gcc/arm-none-eabi/7.3.1/thumb/v7e-m/fpv4-sp/hard/crtbegin.o
 .ARM.attributes
                0x0000000000000056       0x39 App/src/LCD.o
 .ARM.attributes
                0x000000000000008f       0x39 App/src/maincpp.o
 .ARM.attributes
                0x00000000000000c8       0x39 App/src/menu.o
 .ARM.attributes
                0x0000000000000101       0x39 Core/Src/PS_application.o
 .ARM.attributes
                0x000000000000013a       0x39 Core/Src/adsr.o
 .ARM.attributes
                0x0000000000000173       0x39 Core/Src/audio_conf.o
 .ARM.attributes
                0x00000000000001ac       0x39 Core/Src/blepvco.o
 .ARM.attributes
                0x00000000000001e5       0x39 Core/Src/chorusFD.o
 .ARM.attributes
                0x000000000000021e       0x39 Core/Src/delay.o
 .ARM.attributes
                0x0000000000000257       0x39 Core/Src/drifter.o
 .ARM.attributes
                0x0000000000000290       0x39 Core/Src/main.o
 .ARM.attributes
                0x00000000000002c9       0x39 Core/Src/math_tools.o
 .ARM.attributes
                0x0000000000000302       0x39 Core/Src/minblep_tables.o
 .ARM.attributes
                0x000000000000033b       0x39 Core/Src/notesTables.o
 .ARM.attributes
                0x0000000000000374       0x39 Core/Src/oscillators.o
 .ARM.attributes
                0x00000000000003ad       0x39 Core/Src/phaser.o
 .ARM.attributes
                0x00000000000003e6       0x39 Core/Src/random.o
 .ARM.attributes
                0x000000000000041f       0x39 Core/Src/resonantFilter.o
 .ARM.attributes
                0x0000000000000458       0x39 Core/Src/sequencer.o
 .ARM.attributes
                0x0000000000000491       0x39 Core/Src/sinetable.o
 .ARM.attributes
                0x00000000000004ca       0x39 Core/Src/soundGen.o
 .ARM.attributes
                0x0000000000000503       0x39 Core/Src/stm32f4xx_hal_msp.o
 .ARM.attributes
                0x000000000000053c       0x39 Core/Src/stm32f4xx_it.o
 .ARM.attributes
                0x0000000000000575       0x39 Core/Src/sysmem.o
 .ARM.attributes
                0x00000000000005ae       0x39 Core/Src/system_stm32f4xx.o
 .ARM.attributes
                0x00000000000005e7       0x39 Core/Src/wm8978.o
 .ARM.attributes
                0x0000000000000620       0x21 Core/Startup/startup_stm32f405rgtx.o
 .ARM.attributes
                0x0000000000000641       0x39 Drivers/STM32F4xx_HAL_Driver/Src/stm32f4xx_hal.o
 .ARM.attributes
                0x000000000000067a       0x39 Drivers/STM32F4xx_HAL_Driver/Src/stm32f4xx_hal_cortex.o
 .ARM.attributes
                0x00000000000006b3       0x39 Drivers/STM32F4xx_HAL_Driver/Src/stm32f4xx_hal_dma.o
 .ARM.attributes
                0x00000000000006ec       0x39 Drivers/STM32F4xx_HAL_Driver/Src/stm32f4xx_hal_gpio.o
 .ARM.attributes
                0x0000000000000725       0x39 Drivers/STM32F4xx_HAL_Driver/Src/stm32f4xx_hal_i2c.o
 .ARM.attributes
                0x000000000000075e       0x39 Drivers/STM32F4xx_HAL_Driver/Src/stm32f4xx_hal_i2s.o
 .ARM.attributes
                0x0000000000000797       0x39 Drivers/STM32F4xx_HAL_Driver/Src/stm32f4xx_hal_i2s_ex.o
 .ARM.attributes
                0x00000000000007d0       0x39 Drivers/STM32F4xx_HAL_Driver/Src/stm32f4xx_hal_rcc.o
 .ARM.attributes
                0x0000000000000809       0x39 Drivers/STM32F4xx_HAL_Driver/Src/stm32f4xx_hal_rcc_ex.o
 .ARM.attributes
                0x0000000000000842       0x39 Drivers/STM32F4xx_HAL_Driver/Src/stm32f4xx_hal_rng.o
 .ARM.attributes
                0x000000000000087b       0x39 Drivers/STM32F4xx_HAL_Driver/Src/stm32f4xx_hal_spi.o
 .ARM.attributes
                0x00000000000008b4       0x39 Drivers/STM32F4xx_HAL_Driver/Src/stm32f4xx_hal_tim.o
 .ARM.attributes
                0x00000000000008ed       0x39 Drivers/STM32F4xx_HAL_Driver/Src/stm32f4xx_hal_tim_ex.o
 .ARM.attributes
                0x0000000000000926       0x39 Drivers/STM32F4xx_HAL_Driver/Src/stm32f4xx_hal_uart.o
 .ARM.attributes
                0x000000000000095f       0x34 /Applications/STM32CubeIDE.app/Contents/Eclipse/plugins/com.st.stm32cube.ide.mcu.externaltools.gnu-tools-for-stm32.7-2018-q2-update.macos64_1.5.0.202011040924/tools/bin/../lib/gcc/arm-none-eabi/7.3.1/../../../../arm-none-eabi/lib/thumb/v7e-m/fpv4-sp/hard/libm.a(lib_a-sf_floor.o)
 .ARM.attributes