adsr.c:49:6:ADSR_init	0	static
adsr.c:62:6:ADSR_keyOn	0	static
adsr.c:70:6:ADSR_keyOff	0	static
adsr.c:78:6:ADSR_setAttackRate	0	static
adsr.c:83:6:ADSR_setDecayRate	0	static
adsr.c:88:6:ADSR_setSustainLevel	0	static
adsr.c:93:6:ADSR_setReleaseRate	0	static
adsr.c:98:6:ADSR_setAttackTime	0	static
adsr.c:103:6:ADSR_setDecayTime	0	static
adsr.c:108:6:ADSR_setReleaseTime	0	static
adsr.c:113:6:ADSR_setAllTimes	24	static
adsr.c:121:6:ADSR_setTarget	8	static
adsr.c:136:6:ADSR_setValue	8	static
adsr.c:145:5:ADSR_getState	0	static
adsr.c:150:6:AttTime_set	8	static
adsr.c:154:6:DecTime_set	8	static
adsr.c:158:6:SustLevel_set	8	static
adsr.c:162:6:RelTime_set	8	static
adsr.c:167:7:ADSR_computeSample	0	static
