chorusFD.c:52:7:Lfo_SampleCompute	8	static
chorusFD.c:69:6:ChorusDelay_init	0	static
chorusFD.c:81:6:Chorus_init	20	static
chorusFD.c:99:6:Chorus_reset	0	static
chorusFD.c:105:6:inc_chorusRate	0	static
chorusFD.c:111:6:dec_chorusRate	0	static
chorusFD.c:117:6:ChorusRate_set	0	static
chorusFD.c:126:6:ChorusSecondRate_set	0	static
chorusFD.c:132:6:inc_chorusDelay	0	static
chorusFD.c:149:6:dec_chorusDelay	0	static
chorusFD.c:155:6:ChorusDelay_set	0	static
chorusFD.c:163:6:inc_chorusFeedback	0	static
chorusFD.c:171:6:dec_chorusFeedback	0	static
chorusFD.c:179:6:ChorusFeedback_set	0	static
chorusFD.c:187:6:inc_chorusSweep	0	static
chorusFD.c:193:6:dec_chorusSweep	0	static
chorusFD.c:199:6:ChorusSweep_set	0	static
chorusFD.c:207:6:ChorusMode_toggle	0	static
chorusFD.c:213:6:ChorusMode_switch	0	static
chorusFD.c:222:6:ChorusFDBsign_change	0	static
chorusFD.c:228:6:ChorusFDBsign_switch	0	static
chorusFD.c:237:6:Delay_set_delay	0	static
chorusFD.c:242:6:Delay_set_fb	0	static
chorusFD.c:247:6:Delay_set_fw	0	static
chorusFD.c:252:6:Delay_set_mix	0	static
chorusFD.c:257:7:Delay_get_fb	0	static
chorusFD.c:262:7:Delay_get_fw	0	static
chorusFD.c:267:7:Delay_get_mix	0	static
chorusFD.c:272:6:delay_write	0	static
chorusFD.c:281:7:delay_read	16	static
chorusFD.c:327:7:mono_chorus_compute	32	static
chorusFD.c:352:6:stereoChorus_compute	24	static
