oscillators.c:56:1:osc_init	0	static
oscillators.c:69:1:OpSetFreq	0	static
oscillators.c:75:6:Drifter_centralFreq_set	8	static
oscillators.c:96:6:FM_op_freq_set	8	static
oscillators.c:101:6:FM_op_modInd_set	0	static
oscillators.c:134:9:OpSampleCompute0	16	static
oscillators.c:149:9:Osc_WT_SINE_SampleCompute	16	static
oscillators.c:106:9:FM1_sampleCompute	8	static
oscillators.c:162:9:Osc_FM_sine_SampleCompute	16	static
oscillators.c:119:9:FM2_sampleCompute	16	static
oscillators.c:174:9:OpSampleCompute7bis	16	static
oscillators.c:187:9:OpSampleCompute1	0	static
oscillators.c:201:9:OpSampleCompute2	0	static
oscillators.c:215:9:OpSampleCompute3	16	static
oscillators.c:231:9:OpSampleCompute4	16	static
oscillators.c:258:9:OpSampleCompute5	0	static
oscillators.c:272:9:MorphingSaw_SampleCompute	0	static
oscillators.c:80:9:Drifters_sampleCompute	24	static
oscillators.c:288:9:BasicSquare_SampleCompute	0	static
oscillators.c:303:6:AdditiveGen_newWaveform	40	static
oscillators.c:319:9:AdditiveGen_SampleCompute	12	static
oscillators.c:343:7:waveCompute	16	static
