sequencer.c:36:6:seq_tempo_set	8	static
sequencer.c:42:6:seq_gateTime_set	0	static
sequencer.c:47:6:seq_transpUp	0	static
sequencer.c:54:6:seq_transp	0	static
sequencer.c:60:6:seq_transpDown	0	static
sequencer.c:68:6:seq_chooseScale	0	static
sequencer.c:125:6:seq_nextScale	8	static
sequencer.c:132:6:seq_prevScale	8	static
sequencer.c:139:6:seq_scale_set	16	static
sequencer.c:144:6:seq_automatic_or_manual	0	static
sequencer.c:151:6:seq_switchMovingSeq	0	static
sequencer.c:158:6:seq_toggleGlide	0	static
sequencer.c:165:6:seq_switchGlide	0	static
sequencer.c:176:6:seq_muteSomeNotes	0	static
sequencer.c:183:6:seq_switchMute	0	static
sequencer.c:194:6:seq_doubleTempo	0	static
sequencer.c:198:6:seq_halfTempo	0	static
sequencer.c:202:6:seq_incTempo	0	static
sequencer.c:207:6:seq_decTempo	0	static
sequencer.c:211:6:seq_incMaxFreq	0	static
sequencer.c:219:6:seq_decMaxFreq	0	static
sequencer.c:227:6:seq_freqMax_set	8	static
sequencer.c:233:6:seq_sequence_new	16	static
sequencer.c:252:6:seq_transpose	0	static
sequencer.c:266:6:sequencer_init	8	static
sequencer.c:286:6:sequencer_process	8	static
