soundGen.c:81:6:autoSound_set	0	static
soundGen.c:85:6:RandSound1	0	static
soundGen.c:95:6:RandSound2	0	static
soundGen.c:105:9:soundNumber_get	0	static
soundGen.c:109:6:Parameter_fine_tune	0	static
soundGen.c:113:6:DemoMode_toggle	0	static
soundGen.c:119:6:Sequencer_toggle	8	static
soundGen.c:138:6:AmpLFO_amp_set	0	static
soundGen.c:142:6:AmpLFO_freq_set	0	static
soundGen.c:146:6:Filt1LFO_amp_set	0	static
soundGen.c:150:6:Filt1LFO_freq_set	0	static
soundGen.c:154:6:Filt2LFO_amp_set	0	static
soundGen.c:158:6:Filt2LFO_freq_set	0	static
soundGen.c:163:6:toggleVibrato	0	static
soundGen.c:171:6:VibratoAmp_set	0	static
soundGen.c:175:6:VibratoFreq_set	0	static
soundGen.c:179:6:toggleSynthOut	0	static
soundGen.c:194:6:SynthOut_switch	0	static
soundGen.c:223:6:incSynthOut	0	static
soundGen.c:229:6:decSynthOut	0	static
soundGen.c:235:6:SynthOut_amp_set	0	static
soundGen.c:246:6:Delay_toggle	0	static
soundGen.c:254:6:Delay_switch	0	static
soundGen.c:264:6:toggleFilter	0	static
soundGen.c:271:6:Filter_Random_switch	0	static
soundGen.c:278:6:Chorus_toggle	0	static
soundGen.c:285:6:Chorus_switch	0	static
soundGen.c:293:6:Phaser_switch	0	static
soundGen.c:301:6:nextSound	0	static
soundGen.c:308:6:prevSound	0	static
soundGen.c:315:6:Sound_set	16	static
soundGen.c:322:6:FM_OP1_freq_set	0	static
soundGen.c:326:6:FM_OP1_modInd_set	0	static
soundGen.c:331:6:FM_OP2_freq_set	8	static
soundGen.c:337:6:FM_OP2_freqMul_inc	0	static
soundGen.c:343:6:FM_OP2_freqMul_dec	0	static
soundGen.c:349:6:FM_OP2_modInd_set	0	static
soundGen.c:354:6:FM_OP3_freq_set	8	static
soundGen.c:358:6:FM_OP3_modInd_set	0	static
soundGen.c:362:6:FM_OP3_freqMul_inc	0	static
soundGen.c:368:6:FM_OP3_freqMul_dec	0	static
soundGen.c:375:6:FM_OP4_freq_set	8	static
soundGen.c:379:6:FM_OP4_modInd_set	0	static
soundGen.c:383:6:FM_OP4_freqMul_inc	0	static
soundGen.c:389:6:FM_OP4_freqMul_dec	0	static
soundGen.c:397:6:Synth_Init	24	static
soundGen.c:129:6:Synth_reset	0	static
soundGen.c:432:6:sequencer_newStep_action	16	static
soundGen.c:485:6:sequencer_newSequence_action	8	static
soundGen.c:495:6:make_sound	48	static
