soundGen.c:84:6:autoSound_set	0	static
soundGen.c:88:6:RandSound1	0	static
soundGen.c:98:6:RandSound2	0	static
soundGen.c:108:9:soundNumber_get	0	static
soundGen.c:112:6:Parameter_fine_tune	0	static
soundGen.c:116:6:DemoMode_toggle	0	static
soundGen.c:122:6:Sequencer_toggle	8	static
soundGen.c:141:6:AmpLFO_amp_set	0	static
soundGen.c:145:6:AmpLFO_freq_set	0	static
soundGen.c:149:6:Filt1LFO_amp_set	0	static
soundGen.c:153:6:Filt1LFO_freq_set	0	static
soundGen.c:157:6:Filt2LFO_amp_set	0	static
soundGen.c:161:6:Filt2LFO_freq_set	0	static
soundGen.c:166:6:toggleVibrato	0	static
soundGen.c:174:6:VibratoAmp_set	0	static
soundGen.c:178:6:VibratoFreq_set	0	static
soundGen.c:182:6:toggleSynthOut	0	static
soundGen.c:197:6:SynthOut_switch	0	static
soundGen.c:226:6:incSynthOut	0	static
soundGen.c:232:6:decSynthOut	0	static
soundGen.c:238:6:SynthOut_amp_set	0	static
soundGen.c:249:6:Delay_toggle	8	static
soundGen.c:257:6:Delay_switch	8	static
soundGen.c:267:6:toggleFilter	0	static
soundGen.c:274:6:Filter_Random_switch	0	static
soundGen.c:281:6:Chorus_toggle	0	static
soundGen.c:288:6:Chorus_switch	0	static
soundGen.c:296:6:Phaser_switch	0	static
soundGen.c:304:6:toggleSound	0	static
soundGen.c:311:6:nextSound	0	static
soundGen.c:318:6:prevSound	0	static
soundGen.c:325:6:Sound_set	16	static
soundGen.c:332:6:FM_OP1_freq_set	8	static
soundGen.c:336:6:FM_OP1_modInd_set	8	static
soundGen.c:341:6:FM_OP2_freq_set	8	static
soundGen.c:347:6:FM_OP2_freqMul_inc	0	static
soundGen.c:353:6:FM_OP2_freqMul_dec	0	static
soundGen.c:359:6:FM_OP2_modInd_set	8	static
soundGen.c:364:6:FM_OP3_freq_set	8	static
soundGen.c:368:6:FM_OP3_modInd_set	8	static
soundGen.c:372:6:FM_OP3_freqMul_inc	0	static
soundGen.c:378:6:FM_OP3_freqMul_dec	0	static
soundGen.c:385:6:FM_OP4_freq_set	8	static
soundGen.c:389:6:FM_OP4_modInd_set	8	static
soundGen.c:393:6:FM_OP4_freqMul_inc	0	static
soundGen.c:399:6:FM_OP4_freqMul_dec	0	static
soundGen.c:407:6:Synth_Init	16	static
soundGen.c:132:6:Synth_reset	8	static
soundGen.c:442:6:sequencer_newStep_action	8	static
soundGen.c:495:6:sequencer_newSequence_action	8	static
soundGen.c:505:6:make_sound	48	static
