stm32f4xx_hal_msp.c:67:6:HAL_MspInit	8	static
stm32f4xx_hal_msp.c:89:6:HAL_ADC_MspInit	48	static
stm32f4xx_hal_msp.c:144:6:HAL_ADC_MspDeInit	8	static
stm32f4xx_hal_msp.c:177:6:HAL_I2C_MspInit	48	static
stm32f4xx_hal_msp.c:213:6:HAL_I2C_MspDeInit	8	static
stm32f4xx_hal_msp.c:244:6:HAL_I2S_MspInit	56	static
stm32f4xx_hal_msp.c:320:6:HAL_I2S_MspDeInit	8	static
stm32f4xx_hal_msp.c:356:6:HAL_RNG_MspInit	8	static
stm32f4xx_hal_msp.c:378:6:HAL_RNG_MspDeInit	0	static
stm32f4xx_hal_msp.c:400:6:HAL_UART_MspInit	40	static
stm32f4xx_hal_msp.c:436:6:HAL_UART_MspDeInit	8	static
