stm32f4xx_it.c:74:6:NMI_Handler	0	static
stm32f4xx_it.c:87:6:HardFault_Handler	0	static
stm32f4xx_it.c:102:6:MemManage_Handler	0	static
stm32f4xx_it.c:117:6:BusFault_Handler	0	static
stm32f4xx_it.c:132:6:UsageFault_Handler	0	static
stm32f4xx_it.c:147:6:SVC_Handler	0	static
stm32f4xx_it.c:160:6:DebugMon_Handler	0	static
stm32f4xx_it.c:173:6:PendSV_Handler	0	static
stm32f4xx_it.c:186:6:SysTick_Handler	8	static
stm32f4xx_it.c:207:6:EXTI2_IRQHandler	8	static
stm32f4xx_it.c:221:6:EXTI4_IRQHandler	8	static
stm32f4xx_it.c:235:6:DMA1_Stream4_IRQHandler	8	static
stm32f4xx_it.c:246:9:f	0	static
stm32f4xx_it.c:259:6:EXTI9_5_IRQHandler	32	static
stm32f4xx_it.c:322:6:DMA2_Stream0_IRQHandler	8	static
