stm32f4xx_hal_msp.c:65:6:HAL_MspInit	8	static
stm32f4xx_hal_msp.c:87:6:HAL_I2C_MspInit	48	static
stm32f4xx_hal_msp.c:123:6:HAL_I2C_MspDeInit	8	static
stm32f4xx_hal_msp.c:154:6:HAL_I2S_MspInit	56	static
stm32f4xx_hal_msp.c:230:6:HAL_I2S_MspDeInit	8	static
stm32f4xx_hal_msp.c:266:6:HAL_RNG_MspInit	8	static
stm32f4xx_hal_msp.c:288:6:HAL_RNG_MspDeInit	0	static
stm32f4xx_hal_msp.c:310:6:HAL_SPI_MspInit	40	static
stm32f4xx_hal_msp.c:346:6:HAL_SPI_MspDeInit	0	static
stm32f4xx_hal_msp.c:375:6:HAL_TIM_Encoder_MspInit	40	static
stm32f4xx_hal_msp.c:411:6:HAL_TIM_Encoder_MspDeInit	0	static
stm32f4xx_hal_msp.c:440:6:HAL_UART_MspInit	40	static
stm32f4xx_hal_msp.c:476:6:HAL_UART_MspDeInit	0	static
