LCD.cpp:36:6:void LCD::drawBitmap(int, int, uint8_t*, int, int)	0	static
LCD.cpp:79:6:void LCD::invertText(bool)	0	static
LCD.cpp:96:6:void LCD::setFont(const uint8_t*)	0	static
LCD.cpp:100:6:void LCD::send(uint8_t)	16	static
LCD.cpp:104:6:void LCD::write(uint8_t, uint8_t)	16	static
LCD.cpp:23:6:void LCD::clrScr()	16	static
LCD.cpp:31:6:void LCD::goXY(uint8_t, uint8_t)	16	static
LCD.cpp:58:6:void LCD::putChar(char)	16	static
LCD.cpp:15:6:void LCD::print(char*, uint8_t, uint8_t)	16	static
LCD.cpp:68:6:void LCD::invert(bool)	8	static
LCD.cpp:84:6:void LCD::init()	8	static
LCD.cpp:4:1:LCD::LCD(LCD_GPIO*)	8	static
LCD.cpp:121:6:void LCD::refreshScr()	16	static
LCD.cpp:132:6:void LCD::refreshArea(uint8_t, uint8_t, uint8_t, uint8_t)	32	static
LCD.cpp:149:6:void LCD::setPixel(uint8_t, uint8_t, bool)	4	static
LCD.cpp:166:6:void LCD::drawHLine(int, int, int)	16	static
LCD.cpp:180:6:void LCD::drawVLine(int, int, int)	24	static
LCD.cpp:196:5:int LCD::abs(int)	0	static
LCD.cpp:204:6:void LCD::drawLine(int, int, int, int)	40	static
LCD.cpp:291:6:void LCD::drawRectangle(uint8_t, uint8_t, uint8_t, uint8_t)	32	static
