lcd.cpp:36:6:void LCD::drawBitmap(int, int, uint8_t*, int, int)	0	static
lcd.cpp:77:6:void LCD::invertText(bool)	0	static
lcd.cpp:99:6:void LCD::setFont(const uint8_t*)	0	static
lcd.cpp:114:6:void LCD::send(uint8_t)	16	static
lcd.cpp:118:6:void LCD::write(uint8_t, uint8_t)	16	static
lcd.cpp:23:6:void LCD::clrScr()	16	static
lcd.cpp:31:6:void LCD::goXY(uint8_t, uint8_t)	16	static
lcd.cpp:56:6:void LCD::putChar(char)	16	static
lcd.cpp:15:6:void LCD::print(char*, uint8_t, uint8_t)	16	static
lcd.cpp:66:6:void LCD::invert(bool)	8	static
lcd.cpp:82:6:void LCD::init()	8	static
lcd.cpp:4:1:LCD::LCD(LCD_GPIO*)	8	static
lcd.cpp:135:6:void LCD::refreshScr()	16	static
lcd.cpp:146:6:void LCD::refreshArea(uint8_t, uint8_t, uint8_t, uint8_t)	32	static
lcd.cpp:163:6:void LCD::setPixel(uint8_t, uint8_t, bool)	4	static
lcd.cpp:180:6:void LCD::drawHLine(int, int, int)	16	static
lcd.cpp:194:6:void LCD::drawVLine(int, int, int)	24	static
lcd.cpp:210:5:int LCD::abs(int)	0	static
lcd.cpp:218:6:void LCD::drawLine(int, int, int, int)	40	static
lcd.cpp:305:6:void LCD::drawRectangle(uint8_t, uint8_t, uint8_t, uint8_t)	32	static
